Archive member included because of file (symbol)

..\Libraries\CMSIS\Include\libarm_cortexM4lf_math.a(arm_mat_sub_f32.o)
                              src\IMU.o (arm_mat_sub_f32)
..\Libraries\CMSIS\Include\libarm_cortexM4lf_math.a(arm_mat_mult_f32.o)
                              src\IMU.o (arm_mat_mult_f32)
..\Libraries\CMSIS\Include\libarm_cortexM4lf_math.a(arm_mat_init_f32.o)
                              src\IMU.o (arm_mat_init_f32)
..\Libraries\CMSIS\Include\libarm_cortexM4lf_math.a(arm_sin_f32.o)
                              src\IMU.o (arm_sin_f32)
..\Libraries\CMSIS\Include\libarm_cortexM4lf_math.a(arm_cos_f32.o)
                              src\IMU.o (arm_cos_f32)
..\Libraries\CMSIS\Include\libarm_cortexM4lf_math.a(arm_common_tables.o)
                              ..\Libraries\CMSIS\Include\libarm_cortexM4lf_math.a(arm_sin_f32.o) (sinTable_f32)
c:/program files (x86)/atollic/truestudio for arm 5.4.2/armtools/bin/../lib/gcc/arm-atollic-eabi/4.8.3/../../../../arm-atollic-eabi/lib/armv7e-m/fpu\libc_s.a(lib_a-init.o)
                              src\startup_stm32f40xx.o (__libc_init_array)
c:/program files (x86)/atollic/truestudio for arm 5.4.2/armtools/bin/../lib/gcc/arm-atollic-eabi/4.8.3/../../../../arm-atollic-eabi/lib/armv7e-m/fpu\libc_s.a(lib_a-malloc.o)
                              src\I2C.o (malloc)
c:/program files (x86)/atollic/truestudio for arm 5.4.2/armtools/bin/../lib/gcc/arm-atollic-eabi/4.8.3/../../../../arm-atollic-eabi/lib/armv7e-m/fpu\libc_s.a(lib_a-nano-freer.o)
                              c:/program files (x86)/atollic/truestudio for arm 5.4.2/armtools/bin/../lib/gcc/arm-atollic-eabi/4.8.3/../../../../arm-atollic-eabi/lib/armv7e-m/fpu\libc_s.a(lib_a-malloc.o) (_free_r)
c:/program files (x86)/atollic/truestudio for arm 5.4.2/armtools/bin/../lib/gcc/arm-atollic-eabi/4.8.3/../../../../arm-atollic-eabi/lib/armv7e-m/fpu\libc_s.a(lib_a-nano-mallocr.o)
                              c:/program files (x86)/atollic/truestudio for arm 5.4.2/armtools/bin/../lib/gcc/arm-atollic-eabi/4.8.3/../../../../arm-atollic-eabi/lib/armv7e-m/fpu\libc_s.a(lib_a-malloc.o) (_malloc_r)
c:/program files (x86)/atollic/truestudio for arm 5.4.2/armtools/bin/../lib/gcc/arm-atollic-eabi/4.8.3/../../../../arm-atollic-eabi/lib/armv7e-m/fpu\libc_s.a(lib_a-sbrkr.o)
                              c:/program files (x86)/atollic/truestudio for arm 5.4.2/armtools/bin/../lib/gcc/arm-atollic-eabi/4.8.3/../../../../arm-atollic-eabi/lib/armv7e-m/fpu\libc_s.a(lib_a-nano-mallocr.o) (_sbrk_r)
c:/program files (x86)/atollic/truestudio for arm 5.4.2/armtools/bin/../lib/gcc/arm-atollic-eabi/4.8.3/../../../../arm-atollic-eabi/lib/armv7e-m/fpu\libc_s.a(lib_a-strlen.o)
                              src\tiny_printf.o (strlen)
c:/program files (x86)/atollic/truestudio for arm 5.4.2/armtools/bin/../lib/gcc/arm-atollic-eabi/4.8.3/../../../../arm-atollic-eabi/lib/armv7e-m/fpu\libc_s.a(lib_a-syscalls.o)
                              src\tiny_printf.o (_write)
c:/program files (x86)/atollic/truestudio for arm 5.4.2/armtools/bin/../lib/gcc/arm-atollic-eabi/4.8.3/../../../../arm-atollic-eabi/lib/armv7e-m/fpu\libc_s.a(lib_a-impure.o)
                              c:/program files (x86)/atollic/truestudio for arm 5.4.2/armtools/bin/../lib/gcc/arm-atollic-eabi/4.8.3/../../../../arm-atollic-eabi/lib/armv7e-m/fpu\libc_s.a(lib_a-malloc.o) (_impure_ptr)
c:/program files (x86)/atollic/truestudio for arm 5.4.2/armtools/bin/../lib/gcc/arm-atollic-eabi/4.8.3/../../../../arm-atollic-eabi/lib/armv7e-m/fpu\libc_s.a(lib_a-reent.o)
                              c:/program files (x86)/atollic/truestudio for arm 5.4.2/armtools/bin/../lib/gcc/arm-atollic-eabi/4.8.3/../../../../arm-atollic-eabi/lib/armv7e-m/fpu\libc_s.a(lib_a-sbrkr.o) (errno)
c:/program files (x86)/atollic/truestudio for arm 5.4.2/armtools/bin/../lib/gcc/arm-atollic-eabi/4.8.3/../../../../arm-atollic-eabi/lib/armv7e-m/fpu\libm.a(lib_a-wf_sqrt.o)
                              src\IMU.o (sqrtf)
c:/program files (x86)/atollic/truestudio for arm 5.4.2/armtools/bin/../lib/gcc/arm-atollic-eabi/4.8.3/../../../../arm-atollic-eabi/lib/armv7e-m/fpu\libm.a(lib_a-ef_sqrt.o)
                              c:/program files (x86)/atollic/truestudio for arm 5.4.2/armtools/bin/../lib/gcc/arm-atollic-eabi/4.8.3/../../../../arm-atollic-eabi/lib/armv7e-m/fpu\libm.a(lib_a-wf_sqrt.o) (__ieee754_sqrtf)
c:/program files (x86)/atollic/truestudio for arm 5.4.2/armtools/bin/../lib/gcc/arm-atollic-eabi/4.8.3/../../../../arm-atollic-eabi/lib/armv7e-m/fpu\libm.a(lib_a-s_lib_ver.o)
                              c:/program files (x86)/atollic/truestudio for arm 5.4.2/armtools/bin/../lib/gcc/arm-atollic-eabi/4.8.3/../../../../arm-atollic-eabi/lib/armv7e-m/fpu\libm.a(lib_a-wf_sqrt.o) (__fdlib_version)
c:/program files (x86)/atollic/truestudio for arm 5.4.2/armtools/bin/../lib/gcc/arm-atollic-eabi/4.8.3/../../../../arm-atollic-eabi/lib/armv7e-m/fpu\libm.a(lib_a-s_matherr.o)
[...]
Memory Configuration

Name             Origin             Length             Attributes
FLASH            0x08000000         0x00100000         xr
RAM              0x20000000         0x00020000         xrw
MEMORY_B1        0x60000000         0x00000000         xr
CCMRAM           0x10000000         0x00010000         rw
*default*        0x00000000         0xffffffff

Linker script and memory map

LOAD c:/program files (x86)/atollic/truestudio for arm 5.4.2/armtools/bin/../lib/gcc/arm-atollic-eabi/4.8.3/armv7e-m/fpu/crti.o
LOAD c:/program files (x86)/atollic/truestudio for arm 5.4.2/armtools/bin/../lib/gcc/arm-atollic-eabi/4.8.3/armv7e-m/fpu/crtbegin.o
LOAD src\tiny_printf.o
LOAD src\system_stm32f4xx.o
LOAD src\startup_stm32f40xx.o
LOAD src\main.o
LOAD src\led_init.o
LOAD src\i2c_init.o
LOAD src\delay.o
LOAD src\LED_disp.o
LOAD src\IMU.o
LOAD src\I2C.o
LOAD Utilities\STM32F4-Discovery\stm32f4_discovery_lis302dl.o
LOAD Utilities\STM32F4-Discovery\stm32f4_discovery.o
LOAD Libraries\STM32F4xx_StdPeriph_Driver\src\stm32f4xx_wwdg.o
LOAD Libraries\STM32F4xx_StdPeriph_Driver\src\stm32f4xx_usart.o
LOAD Libraries\STM32F4xx_StdPeriph_Driver\src\stm32f4xx_tim.o
LOAD Libraries\STM32F4xx_StdPeriph_Driver\src\stm32f4xx_syscfg.o
LOAD Libraries\STM32F4xx_StdPeriph_Driver\src\stm32f4xx_spi.o
LOAD Libraries\STM32F4xx_StdPeriph_Driver\src\stm32f4xx_sdio.o
LOAD Libraries\STM32F4xx_StdPeriph_Driver\src\stm32f4xx_rtc.o
LOAD Libraries\STM32F4xx_StdPeriph_Driver\src\stm32f4xx_rng.o
LOAD Libraries\STM32F4xx_StdPeriph_Driver\src\stm32f4xx_rcc.o
LOAD Libraries\STM32F4xx_StdPeriph_Driver\src\stm32f4xx_pwr.o
LOAD Libraries\STM32F4xx_StdPeriph_Driver\src\stm32f4xx_iwdg.o
LOAD Libraries\STM32F4xx_StdPeriph_Driver\src\stm32f4xx_i2c.o
LOAD Libraries\STM32F4xx_StdPeriph_Driver\src\stm32f4xx_hash_sha1.o
LOAD Libraries\STM32F4xx_StdPeriph_Driver\src\stm32f4xx_hash_md5.o
LOAD Libraries\STM32F4xx_StdPeriph_Driver\src\stm32f4xx_hash.o
LOAD Libraries\STM32F4xx_StdPeriph_Driver\src\stm32f4xx_gpio.o
LOAD Libraries\STM32F4xx_StdPeriph_Driver\src\stm32f4xx_fsmc.o
LOAD Libraries\STM32F4xx_StdPeriph_Driver\src\stm32f4xx_flash.o
LOAD Libraries\STM32F4xx_StdPeriph_Driver\src\stm32f4xx_exti.o
LOAD Libraries\STM32F4xx_StdPeriph_Driver\src\stm32f4xx_dma.o
LOAD Libraries\STM32F4xx_StdPeriph_Driver\src\stm32f4xx_dcmi.o
LOAD Libraries\STM32F4xx_StdPeriph_Driver\src\stm32f4xx_dbgmcu.o
LOAD Libraries\STM32F4xx_StdPeriph_Driver\src\stm32f4xx_dac.o
LOAD Libraries\STM32F4xx_StdPeriph_Driver\src\stm32f4xx_cryp_tdes.o
LOAD Libraries\STM32F4xx_StdPeriph_Driver\src\stm32f4xx_cryp_des.o
LOAD Libraries\STM32F4xx_StdPeriph_Driver\src\stm32f4xx_cryp_aes.o
LOAD Libraries\STM32F4xx_StdPeriph_Driver\src\stm32f4xx_cryp.o
LOAD Libraries\STM32F4xx_StdPeriph_Driver\src\stm32f4xx_crc.o
LOAD Libraries\STM32F4xx_StdPeriph_Driver\src\stm32f4xx_can.o
LOAD Libraries\STM32F4xx_StdPeriph_Driver\src\stm32f4xx_adc.o
LOAD Libraries\STM32F4xx_StdPeriph_Driver\src\misc.o
LOAD ..\Libraries\CMSIS\Include\libarm_cortexM4lf_math.a
START GROUP
LOAD c:/program files (x86)/atollic/truestudio for arm 5.4.2/armtools/bin/../lib/gcc/arm-atollic-eabi/4.8.3/../../../../arm-atollic-eabi/lib/armv7e-m/fpu\libc_s.a
LOAD c:/program files (x86)/atollic/truestudio for arm 5.4.2/armtools/bin/../lib/gcc/arm-atollic-eabi/4.8.3/../../../../arm-atollic-eabi/lib/armv7e-m/fpu\libm.a
END GROUP
                0x00001000                malloc_getpagesize_P = 0x1000
START GROUP
LOAD c:/program files (x86)/atollic/truestudio for arm 5.4.2/armtools/bin/../lib/gcc/arm-atollic-eabi/4.8.3/armv7e-m/fpu\libgcc.a
LOAD c:/program files (x86)/atollic/truestudio for arm 5.4.2/armtools/bin/../lib/gcc/arm-atollic-eabi/4.8.3/../../../../arm-atollic-eabi/lib/armv7e-m/fpu\libc.a
END GROUP
LOAD c:/program files (x86)/atollic/truestudio for arm 5.4.2/armtools/bin/../lib/gcc/arm-atollic-eabi/4.8.3/armv7e-m/fpu/crtend.o
LOAD c:/program files (x86)/atollic/truestudio for arm 5.4.2/armtools/bin/../lib/gcc/arm-atollic-eabi/4.8.3/armv7e-m/fpu/crtn.o
                0x20020000                _estack = 0x20020000
                0x00000000                _Min_Heap_Size = 0x0
                0x00000400                _Min_Stack_Size = 0x400

.isr_vector     0x08000000      0x188
                0x08000000                . = ALIGN (0x4)
 *(.isr_vector)
 .isr_vector    0x08000000      0x188 src\startup_stm32f40xx.o
                0x08000000                g_pfnVectors
                0x08000188                . = ALIGN (0x4)

.text           0x08000188     0x2180
                0x08000188                . = ALIGN (0x4)
 *(.text)
 .text          0x08000188       0x40 c:/program files (x86)/atollic/truestudio for arm 5.4.2/armtools/bin/../lib/gcc/arm-atollic-eabi/4.8.3/armv7e-m/fpu/crtbegin.o
 .text          0x080001c8      0x370 c:/program files (x86)/atollic/truestudio for arm 5.4.2/armtools/bin/../lib/gcc/arm-atollic-eabi/4.8.3/armv7e-m/fpu\libgcc.a(_arm_addsubdf3.o)
                0x080001c8                __aeabi_drsub
                0x080001d0                __aeabi_dsub
                0x080001d0                __subdf3
                0x080001d4                __aeabi_dadd
                0x080001d4                __adddf3
                0x0800044c                __floatunsidf
                0x0800044c                __aeabi_ui2d
                0x0800046c                __floatsidf
                0x0800046c                __aeabi_i2d
                0x08000490                __aeabi_f2d
                0x08000490                __extendsfdf2
                0x080004cc                __floatundidf
                0x080004cc                __aeabi_ul2d
                0x080004dc                __floatdidf
                0x080004dc                __aeabi_l2d
 .text          0x08000538      0x424 c:/program files (x86)/atollic/truestudio for arm 5.4.2/armtools/bin/../lib/gcc/arm-atollic-eabi/4.8.3/armv7e-m/fpu\libgcc.a(_arm_muldivdf3.o)
                0x08000538                __aeabi_dmul
                0x08000538                __muldf3
                0x0800078c                __divdf3
                0x0800078c                __aeabi_ddiv
 .text          0x0800095c      0x110 c:/program files (x86)/atollic/truestudio for arm 5.4.2/armtools/bin/../lib/gcc/arm-atollic-eabi/4.8.3/armv7e-m/fpu\libgcc.a(_arm_cmpdf2.o)
                0x0800095c                __gtdf2
                0x0800095c                __gedf2
                0x08000964                __ltdf2
                0x08000964                __ledf2
                0x0800096c                __nedf2
                0x0800096c                __eqdf2
                0x0800096c                __cmpdf2
                0x080009e8                __aeabi_cdrcmple
                0x080009f8                __aeabi_cdcmpeq
                0x080009f8                __aeabi_cdcmple
                0x08000a08                __aeabi_dcmpeq
                0x08000a1c                __aeabi_dcmplt
                0x08000a30                __aeabi_dcmple
                0x08000a44                __aeabi_dcmpge
                0x08000a58                __aeabi_dcmpgt
 .text          0x08000a6c       0xa0 c:/program files (x86)/atollic/truestudio for arm 5.4.2/armtools/bin/../lib/gcc/arm-atollic-eabi/4.8.3/armv7e-m/fpu\libgcc.a(_arm_truncdfsf2.o)
                0x08000a6c                __truncdfsf2
                0x08000a6c                __aeabi_d2f
 *(.text*)
 .text.SystemInit
                0x08000b0c       0x68 src\system_stm32f4xx.o
                0x08000b0c                SystemInit
 .text.SetSysClock
                0x08000b74       0xf4 src\system_stm32f4xx.o
 .text.Reset_Handler
                0x08000c68       0x58 src\startup_stm32f40xx.o
                0x08000c68                Reset_Handler
 .text.Default_Handler
                0x08000cc0        0x4 src\startup_stm32f40xx.o
                0x08000cc0                RTC_Alarm_IRQHandler
                0x08000cc0                HASH_RNG_IRQHandler
                0x08000cc0                EXTI2_IRQHandler
                0x08000cc0                TIM8_CC_IRQHandler
                0x08000cc0                DebugMon_Handler
                0x08000cc0                TIM1_CC_IRQHandler
                0x08000cc0                DMA2_Stream5_IRQHandler
                0x08000cc0                HardFault_Handler
                0x08000cc0                DMA1_Stream5_IRQHandler
                0x08000cc0                PVD_IRQHandler
                0x08000cc0                SDIO_IRQHandler
                0x08000cc0                TAMP_STAMP_IRQHandler
                0x08000cc0                PendSV_Handler
                0x08000cc0                NMI_Handler
                0x08000cc0                CAN2_RX1_IRQHandler
                0x08000cc0                EXTI3_IRQHandler
                0x08000cc0                TIM8_TRG_COM_TIM14_IRQHandler
                0x08000cc0                TIM1_UP_TIM10_IRQHandler
                0x08000cc0                TIM8_UP_TIM13_IRQHandler
                0x08000cc0                I2C3_ER_IRQHandler
                0x08000cc0                EXTI0_IRQHandler
                0x08000cc0                I2C2_EV_IRQHandler
                0x08000cc0                DMA1_Stream2_IRQHandler
                0x08000cc0                CAN1_RX0_IRQHandler
                0x08000cc0                FPU_IRQHandler
                0x08000cc0                OTG_HS_WKUP_IRQHandler
                0x08000cc0                UsageFault_Handler
                0x08000cc0                CAN2_SCE_IRQHandler
                0x08000cc0                DMA2_Stream2_IRQHandler
                0x08000cc0                SPI1_IRQHandler
                0x08000cc0                TIM6_DAC_IRQHandler
                0x08000cc0                TIM1_BRK_TIM9_IRQHandler
                0x08000cc0                DCMI_IRQHandler
                0x08000cc0                CAN2_RX0_IRQHandler
                0x08000cc0                DMA2_Stream3_IRQHandler
                0x08000cc0                USART6_IRQHandler
                0x08000cc0                USART3_IRQHandler
                0x08000cc0                CRYP_IRQHandler
                0x08000cc0                CAN1_RX1_IRQHandler
                0x08000cc0                UART5_IRQHandler
                0x08000cc0                DMA2_Stream0_IRQHandler
                0x08000cc0                TIM4_IRQHandler
                0x08000cc0                DMA1_Stream6_IRQHandler
                0x08000cc0                DMA1_Stream1_IRQHandler
                0x08000cc0                UART4_IRQHandler
                0x08000cc0                TIM3_IRQHandler
                0x08000cc0                RCC_IRQHandler
                0x08000cc0                TIM8_BRK_TIM12_IRQHandler
                0x08000cc0                Default_Handler
                0x08000cc0                EXTI15_10_IRQHandler
                0x08000cc0                ADC_IRQHandler
                0x08000cc0                DMA1_Stream7_IRQHandler
                0x08000cc0                TIM7_IRQHandler
                0x08000cc0                CAN2_TX_IRQHandler
                0x08000cc0                DMA2_Stream7_IRQHandler
                0x08000cc0                I2C3_EV_IRQHandler
                0x08000cc0                EXTI9_5_IRQHandler
                0x08000cc0                RTC_WKUP_IRQHandler
                0x08000cc0                ETH_WKUP_IRQHandler
                0x08000cc0                SPI2_IRQHandler
                0x08000cc0                OTG_HS_EP1_IN_IRQHandler
                0x08000cc0                MemManage_Handler
                0x08000cc0                DMA1_Stream0_IRQHandler
                0x08000cc0                CAN1_TX_IRQHandler
                0x08000cc0                SVC_Handler
                0x08000cc0                EXTI4_IRQHandler
                0x08000cc0                FSMC_IRQHandler
                0x08000cc0                ETH_IRQHandler
                0x08000cc0                OTG_HS_EP1_OUT_IRQHandler
                0x08000cc0                WWDG_IRQHandler
                0x08000cc0                TIM2_IRQHandler
                0x08000cc0                OTG_FS_WKUP_IRQHandler
                0x08000cc0                TIM1_TRG_COM_TIM11_IRQHandler
                0x08000cc0                OTG_HS_IRQHandler
                0x08000cc0                EXTI1_IRQHandler
                0x08000cc0                USART2_IRQHandler
                0x08000cc0                I2C2_ER_IRQHandler
                0x08000cc0                DMA2_Stream1_IRQHandler
                0x08000cc0                CAN1_SCE_IRQHandler
                0x08000cc0                FLASH_IRQHandler
                0x08000cc0                DMA2_Stream4_IRQHandler
                0x08000cc0                BusFault_Handler
                0x08000cc0                USART1_IRQHandler
                0x08000cc0                OTG_FS_IRQHandler
                0x08000cc0                SPI3_IRQHandler
                0x08000cc0                DMA1_Stream4_IRQHandler
                0x08000cc0                I2C1_ER_IRQHandler
                0x08000cc0                DMA2_Stream6_IRQHandler
                0x08000cc0                DMA1_Stream3_IRQHandler
 .text.main     0x08000cc4       0x34 src\main.o
                0x08000cc4                main
 .text.get_data
                0x08000cf8      0x128 src\i2c_init.o
                0x08000cf8                get_data
 .text.NVIC_SetPriority
                0x08000e20       0x54 src\delay.o
 .text.delay_init
                0x08000e74       0x48 src\delay.o
                0x08000e74                delay_init
 .text.delay_ms
                0x08000ebc       0x30 src\delay.o
                0x08000ebc                delay_ms
 .text.delay_us
                0x08000eec       0x28 src\delay.o
                0x08000eec                delay_us
 .text.SysTick_Handler
                0x08000f14       0x30 src\delay.o
                0x08000f14                SysTick_Handler
 .text.disp_init
                0x08000f44      0x1e4 src\LED_disp.o
                0x08000f44                disp_init
 .text.disp_wrt_com
                0x08001128      0x134 src\LED_disp.o
                0x08001128                disp_wrt_com
 *fill*         0x0800125c        0x4 
 .text.imu_update
                0x08001260      0x6e0 src\IMU.o
                0x08001260                imu_update
 .text.body_to_earth
                0x08001940      0x1a0 src\IMU.o
                0x08001940                body_to_earth
 .text.TIM5_IRQHandler
                0x08001ae0       0x2c src\IMU.o
                0x08001ae0                TIM5_IRQHandler
 .text.get_imu  0x08001b0c       0x10 src\IMU.o
                0x08001b0c                get_imu
 .text.I2C1_EV_IRQHandler
                0x08001b1c      0x278 src\I2C.o
                0x08001b1c                I2C1_EV_IRQHandler
 .text.I2C_GenerateSTART
                0x08001d94       0x40 Libraries\STM32F4xx_StdPeriph_Driver\src\stm32f4xx_i2c.o
                0x08001d94                I2C_GenerateSTART
 .text.I2C_GenerateSTOP
                0x08001dd4       0x40 Libraries\STM32F4xx_StdPeriph_Driver\src\stm32f4xx_i2c.o
                0x08001dd4                I2C_GenerateSTOP
 .text.I2C_Send7bitAddress
                0x08001e14       0x3c Libraries\STM32F4xx_StdPeriph_Driver\src\stm32f4xx_i2c.o
                0x08001e14                I2C_Send7bitAddress
 .text.I2C_AcknowledgeConfig
                0x08001e50       0x40 Libraries\STM32F4xx_StdPeriph_Driver\src\stm32f4xx_i2c.o
                0x08001e50                I2C_AcknowledgeConfig
 .text.I2C_SendData
                0x08001e90       0x20 Libraries\STM32F4xx_StdPeriph_Driver\src\stm32f4xx_i2c.o
                0x08001e90                I2C_SendData
 .text.I2C_ReceiveData
                0x08001eb0       0x1c Libraries\STM32F4xx_StdPeriph_Driver\src\stm32f4xx_i2c.o
                0x08001eb0                I2C_ReceiveData
 .text.I2C_CheckEvent
                0x08001ecc       0x60 Libraries\STM32F4xx_StdPeriph_Driver\src\stm32f4xx_i2c.o
                0x08001ecc                I2C_CheckEvent
 .text.I2C_GetFlagStatus
                0x08001f2c       0x68 Libraries\STM32F4xx_StdPeriph_Driver\src\stm32f4xx_i2c.o
                0x08001f2c                I2C_GetFlagStatus
 .text.arm_mat_sub_f32
                0x08001f94       0xb8 ..\Libraries\CMSIS\Include\libarm_cortexM4lf_math.a(arm_mat_sub_f32.o)
                0x08001f94                arm_mat_sub_f32
 .text.arm_mat_mult_f32
                0x0800204c      0x148 ..\Libraries\CMSIS\Include\libarm_cortexM4lf_math.a(arm_mat_mult_f32.o)
                0x0800204c                arm_mat_mult_f32
 .text.arm_mat_init_f32
                0x08002194        0x8 ..\Libraries\CMSIS\Include\libarm_cortexM4lf_math.a(arm_mat_init_f32.o)
                0x08002194                arm_mat_init_f32
 .text.arm_sin_f32
                0x0800219c       0x88 ..\Libraries\CMSIS\Include\libarm_cortexM4lf_math.a(arm_sin_f32.o)
                0x0800219c                arm_sin_f32
 .text.arm_cos_f32
                0x08002224       0x80 ..\Libraries\CMSIS\Include\libarm_cortexM4lf_math.a(arm_cos_f32.o)
                0x08002224                arm_cos_f32
 .text.__libc_init_array
                0x080022a4       0x4c c:/program files (x86)/atollic/truestudio for arm 5.4.2/armtools/bin/../lib/gcc/arm-atollic-eabi/4.8.3/../../../../arm-atollic-eabi/lib/armv7e-m/fpu\libc_s.a(lib_a-init.o)
                0x080022a4                __libc_init_array
 *(.glue_7)
 .glue_7        0x00000000        0x0 linker stubs
 *(.glue_7t)
 .glue_7t       0x00000000        0x0 linker stubs
 *(.eh_frame)
 .eh_frame      0x080022f0        0x0 c:/program files (x86)/atollic/truestudio for arm 5.4.2/armtools/bin/../lib/gcc/arm-atollic-eabi/4.8.3/armv7e-m/fpu/crtbegin.o
 *(.init)
 .init          0x080022f0        0x4 c:/program files (x86)/atollic/truestudio for arm 5.4.2/armtools/bin/../lib/gcc/arm-atollic-eabi/4.8.3/armv7e-m/fpu/crti.o
                0x080022f0                _init
 .init          0x080022f4        0x8 c:/program files (x86)/atollic/truestudio for arm 5.4.2/armtools/bin/../lib/gcc/arm-atollic-eabi/4.8.3/armv7e-m/fpu/crtn.o
 *(.fini)
 .fini          0x080022fc        0x4 c:/program files (x86)/atollic/truestudio for arm 5.4.2/armtools/bin/../lib/gcc/arm-atollic-eabi/4.8.3/armv7e-m/fpu/crti.o
                0x080022fc                _fini
 .fini          0x08002300        0x8 c:/program files (x86)/atollic/truestudio for arm 5.4.2/armtools/bin/../lib/gcc/arm-atollic-eabi/4.8.3/armv7e-m/fpu/crtn.o
                0x08002308                . = ALIGN (0x4)
                0x08002308                _etext = .

.vfp11_veneer   0x08002308        0x0
 .vfp11_veneer  0x00000000        0x0 linker stubs

.v4_bx          0x08002308        0x0
 .v4_bx         0x00000000        0x0 linker stubs

.iplt           0x08002308        0x0
 .iplt          0x00000000        0x0 c:/program files (x86)/atollic/truestudio for arm 5.4.2/armtools/bin/../lib/gcc/arm-atollic-eabi/4.8.3/armv7e-m/fpu/crtbegin.o

.rodata         0x08002308      0x804
                0x08002308                . = ALIGN (0x4)
 *(.rodata)
 *(.rodata*)
 .rodata.sinTable_f32
                0x08002308      0x804 ..\Libraries\CMSIS\Include\libarm_cortexM4lf_math.a(arm_common_tables.o)
                0x08002308                sinTable_f32
                0x08002b0c                . = ALIGN (0x4)

.rel.dyn        0x08002b0c        0x0
 .rel.iplt      0x00000000        0x0 c:/program files (x86)/atollic/truestudio for arm 5.4.2/armtools/bin/../lib/gcc/arm-atollic-eabi/4.8.3/armv7e-m/fpu/crtbegin.o

.ARM.extab
 *(.ARM.extab* .gnu.linkonce.armextab.*)

.ARM            0x08002b0c        0x0
                0x08002b0c                __exidx_start = .
 *(.ARM.exidx*)
                0x08002b0c                __exidx_end = .

.preinit_array  0x08002b0c        0x0
                0x08002b0c                PROVIDE (__preinit_array_start, .)
 *(.preinit_array*)
                0x08002b0c                PROVIDE (__preinit_array_end, .)

.init_array     0x08002b0c        0x4
                0x08002b0c                PROVIDE (__init_array_start, .)
 *(SORT(.init_array.*))
 *(.init_array*)
 .init_array    0x08002b0c        0x4 c:/program files (x86)/atollic/truestudio for arm 5.4.2/armtools/bin/../lib/gcc/arm-atollic-eabi/4.8.3/armv7e-m/fpu/crtbegin.o
                0x08002b10                PROVIDE (__init_array_end, .)

.fini_array     0x08002b10        0x4
                0x08002b10                PROVIDE (__fini_array_start, .)
 *(SORT(.fini_array.*))
 *(.fini_array*)
 .fini_array    0x08002b10        0x4 c:/program files (x86)/atollic/truestudio for arm 5.4.2/armtools/bin/../lib/gcc/arm-atollic-eabi/4.8.3/armv7e-m/fpu/crtbegin.o
                0x08002b14                PROVIDE (__fini_array_end, .)
                0x08002b14                _sidata = LOADADDR (.data)

.data           0x20000000        0x4 load address 0x08002b14
                0x20000000                . = ALIGN (0x4)
                0x20000000                _sdata = .
 *(.data)
 *(.data*)
 .data.MPU_Gyro_Accel
                0x20000000        0x2 src\i2c_init.o
                0x20000004                . = ALIGN (0x4)
 *fill*         0x20000002        0x2 
                0x20000004                _edata = .
                0x08002b18                _siccmram = LOADADDR (.ccmram)

.igot.plt       0x20000004        0x0 load address 0x08002b18
 .igot.plt      0x00000000        0x0 c:/program files (x86)/atollic/truestudio for arm 5.4.2/armtools/bin/../lib/gcc/arm-atollic-eabi/4.8.3/armv7e-m/fpu/crtbegin.o

.ccmram         0x10000000        0x0 load address 0x08002b18
                0x10000000                . = ALIGN (0x4)
                0x10000000                _sccmram = .
 *(.ccmram)
 *(.ccmram*)
                0x10000000                . = ALIGN (0x4)
                0x10000000                _eccmram = .
                0x10000000                . = ALIGN (0x4)

.bss            0x20000004      0xf4c
                0x20000004                _sbss = .
                0x20000004                __bss_start__ = _sbss
 *(.bss)
 .bss           0x20000004       0x1c c:/program files (x86)/atollic/truestudio for arm 5.4.2/armtools/bin/../lib/gcc/arm-atollic-eabi/4.8.3/armv7e-m/fpu/crtbegin.o
 *(.bss*)
 *(COMMON)
 COMMON         0x20000020        0x8 src\main.o
                0x20000020                SysTick_callback
                0x20000024                delay_tics
 COMMON         0x20000028       0x18 src\LED_disp.o
                0x20000028                bit_pos
                0x20000034                pins
                0x20000038                odr_addr
                0x2000003c                base_addr
 COMMON         0x20000040      0xf04 src\IMU.o
                0x20000040                raw_data
                0x20000054                temp1_data
                0x20000060                accel_offset
                0x2000006c                accel_mat
                0x20000074                vel_mat
                0x2000007c                g
                0x20000080                imu_update_count
                0x20000084                y_accel
                0x20000088                temp2_mat
                0x20000090                pos_mat
                0x20000098                x_gyro
                0x2000009c                accel_avg_x
                0x2000054c                z_accel
                0x2000054e                y_gyro
                0x20000550                accel_offset_mat
                0x20000558                gyro_offset
                0x20000564                z_gyro
                0x20000568                accel_data
                0x20000574                angle_mat
                0x2000057c                g_vec
                0x20000588                temp1_mat
                0x20000590                vel_data
                0x2000059c                angle_data
                0x200005a8                pos_data
                0x200005b4                accel_avg_z
                0x20000a64                x_accel
                0x20000a68                dt
                0x20000a6c                temp2_data
                0x20000a78                gyro_offset_mat
                0x20000a80                accel_avg_y
                0x20000f30                g_mat
                0x20000f38                run_avg
 COMMON         0x20000f44        0xa src\I2C.o
                0x20000f44                I2C2_started
                0x20000f48                I2C1_data
                0x20000f4c                I2C1_started
                0x20000f4d                I2C3_started
                0x20000f50                . = ALIGN (0x4)
 *fill*         0x20000f4e        0x2 
                0x20000f50                _ebss = .
                0x20000f50                __bss_end__ = _ebss

._user_heap_stack
                0x20000f50      0x400
                0x20000f50                . = ALIGN (0x4)
                0x20000f50                PROVIDE (end, .)
                0x20000f50                PROVIDE (_end, .)
                0x20000f50                . = (. + _Min_Heap_Size)
                0x20001350                . = (. + _Min_Stack_Size)
 *fill*         0x20000f50      0x400 
                0x20001350                . = ALIGN (0x4)

.memory_b1_text
 *(.mb1text)
 *(.mb1text*)
 *(.mb1rodata)
 *(.mb1rodata*)

/DISCARD/
 libc.a(*)
 libm.a(*)
 libgcc.a(*)

.ARM.attributes
                0x00000000       0x30
 *(.ARM.attributes)
 .ARM.attributes
                0x00000000       0x22 c:/program files (x86)/atollic/truestudio for arm 5.4.2/armtools/bin/../lib/gcc/arm-atollic-eabi/4.8.3/armv7e-m/fpu/crti.o
 .ARM.attributes
                0x00000022       0x34 c:/program files (x86)/atollic/truestudio for arm 5.4.2/armtools/bin/../lib/gcc/arm-atollic-eabi/4.8.3/armv7e-m/fpu/crtbegin.o
 .ARM.attributes
                0x00000056       0x39 src\system_stm32f4xx.o
 .ARM.attributes
                0x0000008f       0x21 src\startup_stm32f40xx.o
 .ARM.attributes
                0x000000b0       0x39 src\main.o
 .ARM.attributes
                0x000000e9       0x39 src\i2c_init.o
 .ARM.attributes
                0x00000122       0x39 src\delay.o
 .ARM.attributes
                0x0000015b       0x39 src\LED_disp.o
 .ARM.attributes
                0x00000194       0x39 src\IMU.o
 .ARM.attributes
                0x000001cd       0x39 src\I2C.o
 .ARM.attributes
                0x00000206       0x39 Libraries\STM32F4xx_StdPeriph_Driver\src\stm32f4xx_i2c.o
 .ARM.attributes
                0x0000023f       0x39 ..\Libraries\CMSIS\Include\libarm_cortexM4lf_math.a(arm_mat_sub_f32.o)
 .ARM.attributes
                0x00000278       0x39 ..\Libraries\CMSIS\Include\libarm_cortexM4lf_math.a(arm_mat_mult_f32.o)
 .ARM.attributes
                0x000002b1       0x39 ..\Libraries\CMSIS\Include\libarm_cortexM4lf_math.a(arm_mat_init_f32.o)
 .ARM.attributes
                0x000002ea       0x39 ..\Libraries\CMSIS\Include\libarm_cortexM4lf_math.a(arm_sin_f32.o)
 .ARM.attributes
                0x00000323       0x39 ..\Libraries\CMSIS\Include\libarm_cortexM4lf_math.a(arm_cos_f32.o)
 .ARM.attributes
                0x0000035c       0x39 ..\Libraries\CMSIS\Include\libarm_cortexM4lf_math.a(arm_common_tables.o)
 .ARM.attributes
                0x00000395       0x34 c:/program files (x86)/atollic/truestudio for arm 5.4.2/armtools/bin/../lib/gcc/arm-atollic-eabi/4.8.3/../../../../arm-atollic-eabi/lib/armv7e-m/fpu\libc_s.a(lib_a-init.o)
 .ARM.attributes
                0x000003c9       0x22 c:/program files (x86)/atollic/truestudio for arm 5.4.2/armtools/bin/../lib/gcc/arm-atollic-eabi/4.8.3/armv7e-m/fpu\libgcc.a(_arm_addsubdf3.o)
 .ARM.attributes
                0x000003eb       0x22 c:/program files (x86)/atollic/truestudio for arm 5.4.2/armtools/bin/../lib/gcc/arm-atollic-eabi/4.8.3/armv7e-m/fpu\libgcc.a(_arm_muldivdf3.o)
 .ARM.attributes
                0x0000040d       0x22 c:/program files (x86)/atollic/truestudio for arm 5.4.2/armtools/bin/../lib/gcc/arm-atollic-eabi/4.8.3/armv7e-m/fpu\libgcc.a(_arm_cmpdf2.o)
 .ARM.attributes
                0x0000042f       0x22 c:/program files (x86)/atollic/truestudio for arm 5.4.2/armtools/bin/../lib/gcc/arm-atollic-eabi/4.8.3/armv7e-m/fpu\libgcc.a(_arm_truncdfsf2.o)
 .ARM.attributes
                0x00000451       0x22 c:/program files (x86)/atollic/truestudio for arm 5.4.2/armtools/bin/../lib/gcc/arm-atollic-eabi/4.8.3/armv7e-m/fpu/crtn.o
OUTPUT(I2C_test2.elf elf32-littlearm)

.debug_info     0x00000000     0x4df7
 .debug_info    0x00000000      0x5a3 src\system_stm32f4xx.o
 .debug_info    0x000005a3       0x79 src\startup_stm32f40xx.o
 .debug_info    0x0000061c      0x2b0 src\main.o
 .debug_info    0x000008cc      0x532 src\i2c_init.o
 .debug_info    0x00000dfe      0x757 src\delay.o
 .debug_info    0x00001555      0x421 src\LED_disp.o
 .debug_info    0x00001976      0xcca src\IMU.o
 .debug_info    0x00002640      0x92f src\I2C.o
 .debug_info    0x00002f6f      0xb8b Libraries\STM32F4xx_StdPeriph_Driver\src\stm32f4xx_i2c.o
 .debug_info    0x00003afa      0x265 ..\Libraries\CMSIS\Include\libarm_cortexM4lf_math.a(arm_mat_sub_f32.o)
 .debug_info    0x00003d5f      0x2b1 ..\Libraries\CMSIS\Include\libarm_cortexM4lf_math.a(arm_mat_mult_f32.o)
 .debug_info    0x00004010      0x150 ..\Libraries\CMSIS\Include\libarm_cortexM4lf_math.a(arm_mat_init_f32.o)
 .debug_info    0x00004160      0x17e ..\Libraries\CMSIS\Include\libarm_cortexM4lf_math.a(arm_sin_f32.o)
 .debug_info    0x000042de      0x17c ..\Libraries\CMSIS\Include\libarm_cortexM4lf_math.a(arm_cos_f32.o)
 .debug_info    0x0000445a      0x99d ..\Libraries\CMSIS\Include\libarm_cortexM4lf_math.a(arm_common_tables.o)

.debug_abbrev   0x00000000     0x1009
 .debug_abbrev  0x00000000      0x138 src\system_stm32f4xx.o
 .debug_abbrev  0x00000138       0x12 src\startup_stm32f40xx.o
 .debug_abbrev  0x0000014a       0xd2 src\main.o
 .debug_abbrev  0x0000021c      0x165 src\i2c_init.o
 .debug_abbrev  0x00000381      0x1ab src\delay.o
 .debug_abbrev  0x0000052c      0x10a src\LED_disp.o
 .debug_abbrev  0x00000636      0x24b src\IMU.o
 .debug_abbrev  0x00000881      0x1a4 src\I2C.o
 .debug_abbrev  0x00000a25      0x166 Libraries\STM32F4xx_StdPeriph_Driver\src\stm32f4xx_i2c.o
 .debug_abbrev  0x00000b8b       0xc2 ..\Libraries\CMSIS\Include\libarm_cortexM4lf_math.a(arm_mat_sub_f32.o)
 .debug_abbrev  0x00000c4d       0xe0 ..\Libraries\CMSIS\Include\libarm_cortexM4lf_math.a(arm_mat_mult_f32.o)
 .debug_abbrev  0x00000d2d       0xa3 ..\Libraries\CMSIS\Include\libarm_cortexM4lf_math.a(arm_mat_init_f32.o)
 .debug_abbrev  0x00000dd0       0xd3 ..\Libraries\CMSIS\Include\libarm_cortexM4lf_math.a(arm_sin_f32.o)
 .debug_abbrev  0x00000ea3       0xe2 ..\Libraries\CMSIS\Include\libarm_cortexM4lf_math.a(arm_cos_f32.o)
 .debug_abbrev  0x00000f85       0x84 ..\Libraries\CMSIS\Include\libarm_cortexM4lf_math.a(arm_common_tables.o)

.debug_aranges  0x00000000      0x3c8
 .debug_aranges
                0x00000000       0x30 src\system_stm32f4xx.o
 .debug_aranges
                0x00000030       0x28 src\startup_stm32f40xx.o
 .debug_aranges
                0x00000058       0x20 src\main.o
 .debug_aranges
                0x00000078       0x38 src\i2c_init.o
 .debug_aranges
                0x000000b0       0x50 src\delay.o
 .debug_aranges
                0x00000100       0x30 src\LED_disp.o
 .debug_aranges
                0x00000130       0x68 src\IMU.o
 .debug_aranges
                0x00000198       0x48 src\I2C.o
 .debug_aranges
                0x000001e0      0x130 Libraries\STM32F4xx_StdPeriph_Driver\src\stm32f4xx_i2c.o
 .debug_aranges
                0x00000310       0x20 ..\Libraries\CMSIS\Include\libarm_cortexM4lf_math.a(arm_mat_sub_f32.o)
 .debug_aranges
                0x00000330       0x20 ..\Libraries\CMSIS\Include\libarm_cortexM4lf_math.a(arm_mat_mult_f32.o)
 .debug_aranges
                0x00000350       0x20 ..\Libraries\CMSIS\Include\libarm_cortexM4lf_math.a(arm_mat_init_f32.o)
 .debug_aranges
                0x00000370       0x20 ..\Libraries\CMSIS\Include\libarm_cortexM4lf_math.a(arm_sin_f32.o)
 .debug_aranges
                0x00000390       0x20 ..\Libraries\CMSIS\Include\libarm_cortexM4lf_math.a(arm_cos_f32.o)
 .debug_aranges
                0x000003b0       0x18 ..\Libraries\CMSIS\Include\libarm_cortexM4lf_math.a(arm_common_tables.o)

.debug_ranges   0x00000000      0x2d8
 .debug_ranges  0x00000000       0x20 src\system_stm32f4xx.o
 .debug_ranges  0x00000020       0x20 src\startup_stm32f40xx.o
 .debug_ranges  0x00000040       0x10 src\main.o
 .debug_ranges  0x00000050       0x28 src\i2c_init.o
 .debug_ranges  0x00000078       0x40 src\delay.o
 .debug_ranges  0x000000b8       0x20 src\LED_disp.o
 .debug_ranges  0x000000d8       0x58 src\IMU.o
 .debug_ranges  0x00000130       0x38 src\I2C.o
 .debug_ranges  0x00000168      0x120 Libraries\STM32F4xx_StdPeriph_Driver\src\stm32f4xx_i2c.o
 .debug_ranges  0x00000288       0x10 ..\Libraries\CMSIS\Include\libarm_cortexM4lf_math.a(arm_mat_sub_f32.o)
 .debug_ranges  0x00000298       0x10 ..\Libraries\CMSIS\Include\libarm_cortexM4lf_math.a(arm_mat_mult_f32.o)
 .debug_ranges  0x000002a8       0x10 ..\Libraries\CMSIS\Include\libarm_cortexM4lf_math.a(arm_mat_init_f32.o)
 .debug_ranges  0x000002b8       0x10 ..\Libraries\CMSIS\Include\libarm_cortexM4lf_math.a(arm_sin_f32.o)
 .debug_ranges  0x000002c8       0x10 ..\Libraries\CMSIS\Include\libarm_cortexM4lf_math.a(arm_cos_f32.o)

.debug_line     0x00000000     0x2060
 .debug_line    0x00000000      0x1f4 src\system_stm32f4xx.o
 .debug_line    0x000001f4       0x7a src\startup_stm32f40xx.o
 .debug_line    0x0000026e      0x190 src\main.o
 .debug_line    0x000003fe      0x2e6 src\i2c_init.o
 .debug_line    0x000006e4      0x236 src\delay.o
 .debug_line    0x0000091a      0x252 src\LED_disp.o
 .debug_line    0x00000b6c      0x402 src\IMU.o
 .debug_line    0x00000f6e      0x36e src\I2C.o
 .debug_line    0x000012dc      0x4ef Libraries\STM32F4xx_StdPeriph_Driver\src\stm32f4xx_i2c.o
 .debug_line    0x000017cb      0x184 ..\Libraries\CMSIS\Include\libarm_cortexM4lf_math.a(arm_mat_sub_f32.o)
 .debug_line    0x0000194f      0x1bc ..\Libraries\CMSIS\Include\libarm_cortexM4lf_math.a(arm_mat_mult_f32.o)
 .debug_line    0x00001b0b      0x143 ..\Libraries\CMSIS\Include\libarm_cortexM4lf_math.a(arm_mat_init_f32.o)
 .debug_line    0x00001c4e      0x177 ..\Libraries\CMSIS\Include\libarm_cortexM4lf_math.a(arm_sin_f32.o)
 .debug_line    0x00001dc5      0x16d ..\Libraries\CMSIS\Include\libarm_cortexM4lf_math.a(arm_cos_f32.o)
 .debug_line    0x00001f32      0x12e ..\Libraries\CMSIS\Include\libarm_cortexM4lf_math.a(arm_common_tables.o)

.debug_str      0x00000000     0x1d8b
 .debug_str     0x00000000      0x39c src\system_stm32f4xx.o
                                0x3fc (size before relaxing)
 .debug_str     0x0000039c       0x40 src\main.o
                                0x2f4 (size before relaxing)
 .debug_str     0x000003dc      0x2c8 src\i2c_init.o
                                0x51e (size before relaxing)
 .debug_str     0x000006a4      0x5e1 src\delay.o
                                0x868 (size before relaxing)
 .debug_str     0x00000c85       0x75 src\LED_disp.o
                                0x38b (size before relaxing)
 .debug_str     0x00000cfa      0x38f src\IMU.o
                                0x759 (size before relaxing)
 .debug_str     0x00001089      0x157 src\I2C.o
                                0x4f4 (size before relaxing)
 .debug_str     0x000011e0      0x3f7 Libraries\STM32F4xx_StdPeriph_Driver\src\stm32f4xx_i2c.o
                                0x71c (size before relaxing)
 .debug_str     0x000015d7      0x191 ..\Libraries\CMSIS\Include\libarm_cortexM4lf_math.a(arm_mat_sub_f32.o)
                                0x341 (size before relaxing)
 .debug_str     0x00001768       0x5e ..\Libraries\CMSIS\Include\libarm_cortexM4lf_math.a(arm_mat_mult_f32.o)
                                0x326 (size before relaxing)
 .debug_str     0x000017c6       0x46 ..\Libraries\CMSIS\Include\libarm_cortexM4lf_math.a(arm_mat_init_f32.o)
                                0x24e (size before relaxing)
 .debug_str     0x0000180c       0x50 ..\Libraries\CMSIS\Include\libarm_cortexM4lf_math.a(arm_sin_f32.o)
                                0x242 (size before relaxing)
 .debug_str     0x0000185c       0x36 ..\Libraries\CMSIS\Include\libarm_cortexM4lf_math.a(arm_cos_f32.o)
                                0x242 (size before relaxing)
 .debug_str     0x00001892      0x4f9 ..\Libraries\CMSIS\Include\libarm_cortexM4lf_math.a(arm_common_tables.o)
                                0x704 (size before relaxing)

.comment        0x00000000       0xf2
 .comment       0x00000000       0x82 src\system_stm32f4xx.o
                                 0x83 (size before relaxing)
 .comment       0x00000000       0x83 src\main.o
 .comment       0x00000000       0x83 src\i2c_init.o
 .comment       0x00000000       0x83 src\delay.o
 .comment       0x00000000       0x83 src\LED_disp.o
 .comment       0x00000000       0x83 src\IMU.o
 .comment       0x00000000       0x83 src\I2C.o
 .comment       0x00000000       0x83 Libraries\STM32F4xx_StdPeriph_Driver\src\stm32f4xx_i2c.o
 .comment       0x00000082       0x70 ..\Libraries\CMSIS\Include\libarm_cortexM4lf_math.a(arm_mat_sub_f32.o)
                                 0x71 (size before relaxing)
 .comment       0x00000000       0x71 ..\Libraries\CMSIS\Include\libarm_cortexM4lf_math.a(arm_mat_mult_f32.o)
 .comment       0x00000000       0x71 ..\Libraries\CMSIS\Include\libarm_cortexM4lf_math.a(arm_mat_init_f32.o)
 .comment       0x00000000       0x71 ..\Libraries\CMSIS\Include\libarm_cortexM4lf_math.a(arm_sin_f32.o)
 .comment       0x00000000       0x71 ..\Libraries\CMSIS\Include\libarm_cortexM4lf_math.a(arm_cos_f32.o)
 .comment       0x00000000       0x71 ..\Libraries\CMSIS\Include\libarm_cortexM4lf_math.a(arm_common_tables.o)

.debug_frame    0x00000000      0x948
 .debug_frame   0x00000000       0x64 src\system_stm32f4xx.o
 .debug_frame   0x00000064       0x2c src\main.o
 .debug_frame   0x00000090       0x8c src\i2c_init.o
 .debug_frame   0x0000011c       0xd0 src\delay.o
 .debug_frame   0x000001ec       0x70 src\LED_disp.o
 .debug_frame   0x0000025c      0x140 src\IMU.o
 .debug_frame   0x0000039c       0xc0 src\I2C.o
 .debug_frame   0x0000045c      0x3ec Libraries\STM32F4xx_StdPeriph_Driver\src\stm32f4xx_i2c.o
 .debug_frame   0x00000848       0x30 ..\Libraries\CMSIS\Include\libarm_cortexM4lf_math.a(arm_mat_sub_f32.o)
 .debug_frame   0x00000878       0x44 ..\Libraries\CMSIS\Include\libarm_cortexM4lf_math.a(arm_mat_mult_f32.o)
 .debug_frame   0x000008bc       0x20 ..\Libraries\CMSIS\Include\libarm_cortexM4lf_math.a(arm_mat_init_f32.o)
 .debug_frame   0x000008dc       0x20 ..\Libraries\CMSIS\Include\libarm_cortexM4lf_math.a(arm_sin_f32.o)
 .debug_frame   0x000008fc       0x20 ..\Libraries\CMSIS\Include\libarm_cortexM4lf_math.a(arm_cos_f32.o)
 .debug_frame   0x0000091c       0x2c c:/program files (x86)/atollic/truestudio for arm 5.4.2/armtools/bin/../lib/gcc/arm-atollic-eabi/4.8.3/../../../../arm-atollic-eabi/lib/armv7e-m/fpu\libc_s.a(lib_a-init.o)

.debug_loc      0x00000000      0x8f0
 .debug_loc     0x00000000      0x2cf ..\Libraries\CMSIS\Include\libarm_cortexM4lf_math.a(arm_mat_sub_f32.o)
 .debug_loc     0x000002cf      0x4b3 ..\Libraries\CMSIS\Include\libarm_cortexM4lf_math.a(arm_mat_mult_f32.o)
 .debug_loc     0x00000782       0xd8 ..\Libraries\CMSIS\Include\libarm_cortexM4lf_math.a(arm_sin_f32.o)
 .debug_loc     0x0000085a       0x96 ..\Libraries\CMSIS\Include\libarm_cortexM4lf_math.a(arm_cos_f32.o)

Cross Reference Table

Symbol                                            File
ADC_AnalogWatchdogCmd                             Libraries\STM32F4xx_StdPeriph_Driver\src\stm32f4xx_adc.o
ADC_AnalogWatchdogSingleChannelConfig             Libraries\STM32F4xx_StdPeriph_Driver\src\stm32f4xx_adc.o
ADC_AnalogWatchdogThresholdsConfig                Libraries\STM32F4xx_StdPeriph_Driver\src\stm32f4xx_adc.o
ADC_AutoInjectedConvCmd                           Libraries\STM32F4xx_StdPeriph_Driver\src\stm32f4xx_adc.o
ADC_ClearFlag                                     Libraries\STM32F4xx_StdPeriph_Driver\src\stm32f4xx_adc.o
ADC_ClearITPendingBit                             Libraries\STM32F4xx_StdPeriph_Driver\src\stm32f4xx_adc.o
ADC_Cmd                                           Libraries\STM32F4xx_StdPeriph_Driver\src\stm32f4xx_adc.o
ADC_CommonInit                                    Libraries\STM32F4xx_StdPeriph_Driver\src\stm32f4xx_adc.o
ADC_CommonStructInit                              Libraries\STM32F4xx_StdPeriph_Driver\src\stm32f4xx_adc.o
ADC_ContinuousModeCmd                             Libraries\STM32F4xx_StdPeriph_Driver\src\stm32f4xx_adc.o
ADC_DMACmd                                        Libraries\STM32F4xx_StdPeriph_Driver\src\stm32f4xx_adc.o
ADC_DMARequestAfterLastTransferCmd                Libraries\STM32F4xx_StdPeriph_Driver\src\stm32f4xx_adc.o
ADC_DeInit                                        Libraries\STM32F4xx_StdPeriph_Driver\src\stm32f4xx_adc.o
ADC_DiscModeChannelCountConfig                    Libraries\STM32F4xx_StdPeriph_Driver\src\stm32f4xx_adc.o
ADC_DiscModeCmd                                   Libraries\STM32F4xx_StdPeriph_Driver\src\stm32f4xx_adc.o
ADC_EOCOnEachRegularChannelCmd                    Libraries\STM32F4xx_StdPeriph_Driver\src\stm32f4xx_adc.o
ADC_ExternalTrigInjectedConvConfig                Libraries\STM32F4xx_StdPeriph_Driver\src\stm32f4xx_adc.o
ADC_ExternalTrigInjectedConvEdgeConfig            Libraries\STM32F4xx_StdPeriph_Driver\src\stm32f4xx_adc.o
ADC_GetConversionValue                            Libraries\STM32F4xx_StdPeriph_Driver\src\stm32f4xx_adc.o
ADC_GetFlagStatus                                 Libraries\STM32F4xx_StdPeriph_Driver\src\stm32f4xx_adc.o
ADC_GetITStatus                                   Libraries\STM32F4xx_StdPeriph_Driver\src\stm32f4xx_adc.o
ADC_GetInjectedConversionValue                    Libraries\STM32F4xx_StdPeriph_Driver\src\stm32f4xx_adc.o
ADC_GetMultiModeConversionValue                   Libraries\STM32F4xx_StdPeriph_Driver\src\stm32f4xx_adc.o
ADC_GetSoftwareStartConvStatus                    Libraries\STM32F4xx_StdPeriph_Driver\src\stm32f4xx_adc.o
ADC_GetSoftwareStartInjectedConvCmdStatus         Libraries\STM32F4xx_StdPeriph_Driver\src\stm32f4xx_adc.o
ADC_IRQHandler                                    src\startup_stm32f40xx.o
ADC_ITConfig                                      Libraries\STM32F4xx_StdPeriph_Driver\src\stm32f4xx_adc.o
ADC_Init                                          Libraries\STM32F4xx_StdPeriph_Driver\src\stm32f4xx_adc.o
ADC_InjectedChannelConfig                         Libraries\STM32F4xx_StdPeriph_Driver\src\stm32f4xx_adc.o
ADC_InjectedDiscModeCmd                           Libraries\STM32F4xx_StdPeriph_Driver\src\stm32f4xx_adc.o
ADC_InjectedSequencerLengthConfig                 Libraries\STM32F4xx_StdPeriph_Driver\src\stm32f4xx_adc.o
ADC_MultiModeDMARequestAfterLastTransferCmd       Libraries\STM32F4xx_StdPeriph_Driver\src\stm32f4xx_adc.o
ADC_RegularChannelConfig                          Libraries\STM32F4xx_StdPeriph_Driver\src\stm32f4xx_adc.o
ADC_SetInjectedOffset                             Libraries\STM32F4xx_StdPeriph_Driver\src\stm32f4xx_adc.o
ADC_SoftwareStartConv                             Libraries\STM32F4xx_StdPeriph_Driver\src\stm32f4xx_adc.o
ADC_SoftwareStartInjectedConv                     Libraries\STM32F4xx_StdPeriph_Driver\src\stm32f4xx_adc.o
ADC_StructInit                                    Libraries\STM32F4xx_StdPeriph_Driver\src\stm32f4xx_adc.o
ADC_TempSensorVrefintCmd                          Libraries\STM32F4xx_StdPeriph_Driver\src\stm32f4xx_adc.o
ADC_VBATCmd                                       Libraries\STM32F4xx_StdPeriph_Driver\src\stm32f4xx_adc.o
AHBPrescTable                                     src\system_stm32f4xx.o
BUTTON_CLK                                        Utilities\STM32F4-Discovery\stm32f4_discovery.o
BUTTON_EXTI_LINE                                  Utilities\STM32F4-Discovery\stm32f4_discovery.o
BUTTON_IRQn                                       Utilities\STM32F4-Discovery\stm32f4_discovery.o
BUTTON_PIN                                        Utilities\STM32F4-Discovery\stm32f4_discovery.o
BUTTON_PIN_SOURCE                                 Utilities\STM32F4-Discovery\stm32f4_discovery.o
BUTTON_PORT                                       Utilities\STM32F4-Discovery\stm32f4_discovery.o
BUTTON_PORT_SOURCE                                Utilities\STM32F4-Discovery\stm32f4_discovery.o
BusFault_Handler                                  src\startup_stm32f40xx.o
CAN1_RX0_IRQHandler                               src\startup_stm32f40xx.o
CAN1_RX1_IRQHandler                               src\startup_stm32f40xx.o
CAN1_SCE_IRQHandler                               src\startup_stm32f40xx.o
CAN1_TX_IRQHandler                                src\startup_stm32f40xx.o
CAN2_RX0_IRQHandler                               src\startup_stm32f40xx.o
CAN2_RX1_IRQHandler                               src\startup_stm32f40xx.o
CAN2_SCE_IRQHandler                               src\startup_stm32f40xx.o
CAN2_TX_IRQHandler                                src\startup_stm32f40xx.o
CAN_CancelTransmit                                Libraries\STM32F4xx_StdPeriph_Driver\src\stm32f4xx_can.o
CAN_ClearFlag                                     Libraries\STM32F4xx_StdPeriph_Driver\src\stm32f4xx_can.o
CAN_ClearITPendingBit                             Libraries\STM32F4xx_StdPeriph_Driver\src\stm32f4xx_can.o
CAN_DBGFreeze                                     Libraries\STM32F4xx_StdPeriph_Driver\src\stm32f4xx_can.o
CAN_DeInit                                        Libraries\STM32F4xx_StdPeriph_Driver\src\stm32f4xx_can.o
CAN_FIFORelease                                   Libraries\STM32F4xx_StdPeriph_Driver\src\stm32f4xx_can.o
CAN_FilterInit                                    Libraries\STM32F4xx_StdPeriph_Driver\src\stm32f4xx_can.o
CAN_GetFlagStatus                                 Libraries\STM32F4xx_StdPeriph_Driver\src\stm32f4xx_can.o
CAN_GetITStatus                                   Libraries\STM32F4xx_StdPeriph_Driver\src\stm32f4xx_can.o
CAN_GetLSBTransmitErrorCounter                    Libraries\STM32F4xx_StdPeriph_Driver\src\stm32f4xx_can.o
CAN_GetLastErrorCode                              Libraries\STM32F4xx_StdPeriph_Driver\src\stm32f4xx_can.o
CAN_GetReceiveErrorCounter                        Libraries\STM32F4xx_StdPeriph_Driver\src\stm32f4xx_can.o
CAN_ITConfig                                      Libraries\STM32F4xx_StdPeriph_Driver\src\stm32f4xx_can.o
CAN_Init                                          Libraries\STM32F4xx_StdPeriph_Driver\src\stm32f4xx_can.o
CAN_MessagePending                                Libraries\STM32F4xx_StdPeriph_Driver\src\stm32f4xx_can.o
CAN_OperatingModeRequest                          Libraries\STM32F4xx_StdPeriph_Driver\src\stm32f4xx_can.o
CAN_Receive                                       Libraries\STM32F4xx_StdPeriph_Driver\src\stm32f4xx_can.o
CAN_SlaveStartBank                                Libraries\STM32F4xx_StdPeriph_Driver\src\stm32f4xx_can.o
CAN_Sleep                                         Libraries\STM32F4xx_StdPeriph_Driver\src\stm32f4xx_can.o
CAN_StructInit                                    Libraries\STM32F4xx_StdPeriph_Driver\src\stm32f4xx_can.o
CAN_TTComModeCmd                                  Libraries\STM32F4xx_StdPeriph_Driver\src\stm32f4xx_can.o
CAN_Transmit                                      Libraries\STM32F4xx_StdPeriph_Driver\src\stm32f4xx_can.o
CAN_TransmitStatus                                Libraries\STM32F4xx_StdPeriph_Driver\src\stm32f4xx_can.o
CAN_WakeUp                                        Libraries\STM32F4xx_StdPeriph_Driver\src\stm32f4xx_can.o
CRC_CalcBlockCRC                                  Libraries\STM32F4xx_StdPeriph_Driver\src\stm32f4xx_crc.o
CRC_CalcCRC                                       Libraries\STM32F4xx_StdPeriph_Driver\src\stm32f4xx_crc.o
CRC_GetCRC                                        Libraries\STM32F4xx_StdPeriph_Driver\src\stm32f4xx_crc.o
CRC_GetIDRegister                                 Libraries\STM32F4xx_StdPeriph_Driver\src\stm32f4xx_crc.o
CRC_ResetDR                                       Libraries\STM32F4xx_StdPeriph_Driver\src\stm32f4xx_crc.o
CRC_SetIDRegister                                 Libraries\STM32F4xx_StdPeriph_Driver\src\stm32f4xx_crc.o
CRYP_AES_CBC                                      Libraries\STM32F4xx_StdPeriph_Driver\src\stm32f4xx_cryp_aes.o
CRYP_AES_CCM                                      Libraries\STM32F4xx_StdPeriph_Driver\src\stm32f4xx_cryp_aes.o
CRYP_AES_CTR                                      Libraries\STM32F4xx_StdPeriph_Driver\src\stm32f4xx_cryp_aes.o
CRYP_AES_ECB                                      Libraries\STM32F4xx_StdPeriph_Driver\src\stm32f4xx_cryp_aes.o
CRYP_AES_GCM                                      Libraries\STM32F4xx_StdPeriph_Driver\src\stm32f4xx_cryp_aes.o
CRYP_Cmd                                          Libraries\STM32F4xx_StdPeriph_Driver\src\stm32f4xx_cryp.o
                                                  Libraries\STM32F4xx_StdPeriph_Driver\src\stm32f4xx_cryp_aes.o
                                                  Libraries\STM32F4xx_StdPeriph_Driver\src\stm32f4xx_cryp_des.o
                                                  Libraries\STM32F4xx_StdPeriph_Driver\src\stm32f4xx_cryp_tdes.o
CRYP_DES_CBC                                      Libraries\STM32F4xx_StdPeriph_Driver\src\stm32f4xx_cryp_des.o
CRYP_DES_ECB                                      Libraries\STM32F4xx_StdPeriph_Driver\src\stm32f4xx_cryp_des.o
CRYP_DMACmd                                       Libraries\STM32F4xx_StdPeriph_Driver\src\stm32f4xx_cryp.o
CRYP_DataIn                                       Libraries\STM32F4xx_StdPeriph_Driver\src\stm32f4xx_cryp.o
                                                  Libraries\STM32F4xx_StdPeriph_Driver\src\stm32f4xx_cryp_aes.o
                                                  Libraries\STM32F4xx_StdPeriph_Driver\src\stm32f4xx_cryp_des.o
                                                  Libraries\STM32F4xx_StdPeriph_Driver\src\stm32f4xx_cryp_tdes.o
CRYP_DataOut                                      Libraries\STM32F4xx_StdPeriph_Driver\src\stm32f4xx_cryp.o
                                                  Libraries\STM32F4xx_StdPeriph_Driver\src\stm32f4xx_cryp_aes.o
                                                  Libraries\STM32F4xx_StdPeriph_Driver\src\stm32f4xx_cryp_des.o
                                                  Libraries\STM32F4xx_StdPeriph_Driver\src\stm32f4xx_cryp_tdes.o
CRYP_DeInit                                       Libraries\STM32F4xx_StdPeriph_Driver\src\stm32f4xx_cryp.o
CRYP_FIFOFlush                                    Libraries\STM32F4xx_StdPeriph_Driver\src\stm32f4xx_cryp.o
                                                  Libraries\STM32F4xx_StdPeriph_Driver\src\stm32f4xx_cryp_aes.o
                                                  Libraries\STM32F4xx_StdPeriph_Driver\src\stm32f4xx_cryp_des.o
                                                  Libraries\STM32F4xx_StdPeriph_Driver\src\stm32f4xx_cryp_tdes.o
CRYP_GetCmdStatus                                 Libraries\STM32F4xx_StdPeriph_Driver\src\stm32f4xx_cryp.o
                                                  Libraries\STM32F4xx_StdPeriph_Driver\src\stm32f4xx_cryp_aes.o
                                                  Libraries\STM32F4xx_StdPeriph_Driver\src\stm32f4xx_cryp_des.o
                                                  Libraries\STM32F4xx_StdPeriph_Driver\src\stm32f4xx_cryp_tdes.o
CRYP_GetFlagStatus                                Libraries\STM32F4xx_StdPeriph_Driver\src\stm32f4xx_cryp.o
                                                  Libraries\STM32F4xx_StdPeriph_Driver\src\stm32f4xx_cryp_aes.o
                                                  Libraries\STM32F4xx_StdPeriph_Driver\src\stm32f4xx_cryp_des.o
                                                  Libraries\STM32F4xx_StdPeriph_Driver\src\stm32f4xx_cryp_tdes.o
CRYP_GetITStatus                                  Libraries\STM32F4xx_StdPeriph_Driver\src\stm32f4xx_cryp.o
CRYP_IRQHandler                                   src\startup_stm32f40xx.o
CRYP_ITConfig                                     Libraries\STM32F4xx_StdPeriph_Driver\src\stm32f4xx_cryp.o
CRYP_IVInit                                       Libraries\STM32F4xx_StdPeriph_Driver\src\stm32f4xx_cryp.o
                                                  Libraries\STM32F4xx_StdPeriph_Driver\src\stm32f4xx_cryp_aes.o
                                                  Libraries\STM32F4xx_StdPeriph_Driver\src\stm32f4xx_cryp_des.o
                                                  Libraries\STM32F4xx_StdPeriph_Driver\src\stm32f4xx_cryp_tdes.o
CRYP_IVStructInit                                 Libraries\STM32F4xx_StdPeriph_Driver\src\stm32f4xx_cryp.o
CRYP_Init                                         Libraries\STM32F4xx_StdPeriph_Driver\src\stm32f4xx_cryp.o
                                                  Libraries\STM32F4xx_StdPeriph_Driver\src\stm32f4xx_cryp_aes.o
                                                  Libraries\STM32F4xx_StdPeriph_Driver\src\stm32f4xx_cryp_des.o
                                                  Libraries\STM32F4xx_StdPeriph_Driver\src\stm32f4xx_cryp_tdes.o
CRYP_KeyInit                                      Libraries\STM32F4xx_StdPeriph_Driver\src\stm32f4xx_cryp.o
                                                  Libraries\STM32F4xx_StdPeriph_Driver\src\stm32f4xx_cryp_aes.o
                                                  Libraries\STM32F4xx_StdPeriph_Driver\src\stm32f4xx_cryp_des.o
                                                  Libraries\STM32F4xx_StdPeriph_Driver\src\stm32f4xx_cryp_tdes.o
CRYP_KeyStructInit                                Libraries\STM32F4xx_StdPeriph_Driver\src\stm32f4xx_cryp.o
                                                  Libraries\STM32F4xx_StdPeriph_Driver\src\stm32f4xx_cryp_aes.o
                                                  Libraries\STM32F4xx_StdPeriph_Driver\src\stm32f4xx_cryp_des.o
                                                  Libraries\STM32F4xx_StdPeriph_Driver\src\stm32f4xx_cryp_tdes.o
CRYP_PhaseConfig                                  Libraries\STM32F4xx_StdPeriph_Driver\src\stm32f4xx_cryp.o
                                                  Libraries\STM32F4xx_StdPeriph_Driver\src\stm32f4xx_cryp_aes.o
CRYP_RestoreContext                               Libraries\STM32F4xx_StdPeriph_Driver\src\stm32f4xx_cryp.o
CRYP_SaveContext                                  Libraries\STM32F4xx_StdPeriph_Driver\src\stm32f4xx_cryp.o
CRYP_StructInit                                   Libraries\STM32F4xx_StdPeriph_Driver\src\stm32f4xx_cryp.o
CRYP_TDES_CBC                                     Libraries\STM32F4xx_StdPeriph_Driver\src\stm32f4xx_cryp_tdes.o
CRYP_TDES_ECB                                     Libraries\STM32F4xx_StdPeriph_Driver\src\stm32f4xx_cryp_tdes.o
DAC_ClearFlag                                     Libraries\STM32F4xx_StdPeriph_Driver\src\stm32f4xx_dac.o
DAC_ClearITPendingBit                             Libraries\STM32F4xx_StdPeriph_Driver\src\stm32f4xx_dac.o
DAC_Cmd                                           Libraries\STM32F4xx_StdPeriph_Driver\src\stm32f4xx_dac.o
DAC_DMACmd                                        Libraries\STM32F4xx_StdPeriph_Driver\src\stm32f4xx_dac.o
DAC_DeInit                                        Libraries\STM32F4xx_StdPeriph_Driver\src\stm32f4xx_dac.o
DAC_DualSoftwareTriggerCmd                        Libraries\STM32F4xx_StdPeriph_Driver\src\stm32f4xx_dac.o
DAC_GetDataOutputValue                            Libraries\STM32F4xx_StdPeriph_Driver\src\stm32f4xx_dac.o
DAC_GetFlagStatus                                 Libraries\STM32F4xx_StdPeriph_Driver\src\stm32f4xx_dac.o
DAC_GetITStatus                                   Libraries\STM32F4xx_StdPeriph_Driver\src\stm32f4xx_dac.o
DAC_ITConfig                                      Libraries\STM32F4xx_StdPeriph_Driver\src\stm32f4xx_dac.o
DAC_Init                                          Libraries\STM32F4xx_StdPeriph_Driver\src\stm32f4xx_dac.o
DAC_SetChannel1Data                               Libraries\STM32F4xx_StdPeriph_Driver\src\stm32f4xx_dac.o
DAC_SetChannel2Data                               Libraries\STM32F4xx_StdPeriph_Driver\src\stm32f4xx_dac.o
DAC_SetDualChannelData                            Libraries\STM32F4xx_StdPeriph_Driver\src\stm32f4xx_dac.o
DAC_SoftwareTriggerCmd                            Libraries\STM32F4xx_StdPeriph_Driver\src\stm32f4xx_dac.o
DAC_StructInit                                    Libraries\STM32F4xx_StdPeriph_Driver\src\stm32f4xx_dac.o
DAC_WaveGenerationCmd                             Libraries\STM32F4xx_StdPeriph_Driver\src\stm32f4xx_dac.o
DBGMCU_APB1PeriphConfig                           Libraries\STM32F4xx_StdPeriph_Driver\src\stm32f4xx_dbgmcu.o
DBGMCU_APB2PeriphConfig                           Libraries\STM32F4xx_StdPeriph_Driver\src\stm32f4xx_dbgmcu.o
DBGMCU_Config                                     Libraries\STM32F4xx_StdPeriph_Driver\src\stm32f4xx_dbgmcu.o
DBGMCU_GetDEVID                                   Libraries\STM32F4xx_StdPeriph_Driver\src\stm32f4xx_dbgmcu.o
DBGMCU_GetREVID                                   Libraries\STM32F4xx_StdPeriph_Driver\src\stm32f4xx_dbgmcu.o
DCMI_CROPCmd                                      Libraries\STM32F4xx_StdPeriph_Driver\src\stm32f4xx_dcmi.o
DCMI_CROPConfig                                   Libraries\STM32F4xx_StdPeriph_Driver\src\stm32f4xx_dcmi.o
DCMI_CaptureCmd                                   Libraries\STM32F4xx_StdPeriph_Driver\src\stm32f4xx_dcmi.o
DCMI_ClearFlag                                    Libraries\STM32F4xx_StdPeriph_Driver\src\stm32f4xx_dcmi.o
DCMI_ClearITPendingBit                            Libraries\STM32F4xx_StdPeriph_Driver\src\stm32f4xx_dcmi.o
DCMI_Cmd                                          Libraries\STM32F4xx_StdPeriph_Driver\src\stm32f4xx_dcmi.o
DCMI_DeInit                                       Libraries\STM32F4xx_StdPeriph_Driver\src\stm32f4xx_dcmi.o
DCMI_GetFlagStatus                                Libraries\STM32F4xx_StdPeriph_Driver\src\stm32f4xx_dcmi.o
DCMI_GetITStatus                                  Libraries\STM32F4xx_StdPeriph_Driver\src\stm32f4xx_dcmi.o
DCMI_IRQHandler                                   src\startup_stm32f40xx.o
DCMI_ITConfig                                     Libraries\STM32F4xx_StdPeriph_Driver\src\stm32f4xx_dcmi.o
DCMI_Init                                         Libraries\STM32F4xx_StdPeriph_Driver\src\stm32f4xx_dcmi.o
DCMI_JPEGCmd                                      Libraries\STM32F4xx_StdPeriph_Driver\src\stm32f4xx_dcmi.o
DCMI_ReadData                                     Libraries\STM32F4xx_StdPeriph_Driver\src\stm32f4xx_dcmi.o
DCMI_SetEmbeddedSynchroCodes                      Libraries\STM32F4xx_StdPeriph_Driver\src\stm32f4xx_dcmi.o
DCMI_StructInit                                   Libraries\STM32F4xx_StdPeriph_Driver\src\stm32f4xx_dcmi.o
DMA1_Stream0_IRQHandler                           src\startup_stm32f40xx.o
DMA1_Stream1_IRQHandler                           src\startup_stm32f40xx.o
DMA1_Stream2_IRQHandler                           src\startup_stm32f40xx.o
DMA1_Stream3_IRQHandler                           src\startup_stm32f40xx.o
DMA1_Stream4_IRQHandler                           src\startup_stm32f40xx.o
DMA1_Stream5_IRQHandler                           src\startup_stm32f40xx.o
DMA1_Stream6_IRQHandler                           src\startup_stm32f40xx.o
DMA1_Stream7_IRQHandler                           src\startup_stm32f40xx.o
DMA2_Stream0_IRQHandler                           src\startup_stm32f40xx.o
DMA2_Stream1_IRQHandler                           src\startup_stm32f40xx.o
DMA2_Stream2_IRQHandler                           src\startup_stm32f40xx.o
DMA2_Stream3_IRQHandler                           src\startup_stm32f40xx.o
DMA2_Stream4_IRQHandler                           src\startup_stm32f40xx.o
DMA2_Stream5_IRQHandler                           src\startup_stm32f40xx.o
DMA2_Stream6_IRQHandler                           src\startup_stm32f40xx.o
DMA2_Stream7_IRQHandler                           src\startup_stm32f40xx.o
DMA_ClearFlag                                     Libraries\STM32F4xx_StdPeriph_Driver\src\stm32f4xx_dma.o
DMA_ClearITPendingBit                             Libraries\STM32F4xx_StdPeriph_Driver\src\stm32f4xx_dma.o
DMA_Cmd                                           Libraries\STM32F4xx_StdPeriph_Driver\src\stm32f4xx_dma.o
DMA_DeInit                                        Libraries\STM32F4xx_StdPeriph_Driver\src\stm32f4xx_dma.o
DMA_DoubleBufferModeCmd                           Libraries\STM32F4xx_StdPeriph_Driver\src\stm32f4xx_dma.o
DMA_DoubleBufferModeConfig                        Libraries\STM32F4xx_StdPeriph_Driver\src\stm32f4xx_dma.o
DMA_FlowControllerConfig                          Libraries\STM32F4xx_StdPeriph_Driver\src\stm32f4xx_dma.o
DMA_GetCmdStatus                                  Libraries\STM32F4xx_StdPeriph_Driver\src\stm32f4xx_dma.o
DMA_GetCurrDataCounter                            Libraries\STM32F4xx_StdPeriph_Driver\src\stm32f4xx_dma.o
DMA_GetCurrentMemoryTarget                        Libraries\STM32F4xx_StdPeriph_Driver\src\stm32f4xx_dma.o
DMA_GetFIFOStatus                                 Libraries\STM32F4xx_StdPeriph_Driver\src\stm32f4xx_dma.o
DMA_GetFlagStatus                                 Libraries\STM32F4xx_StdPeriph_Driver\src\stm32f4xx_dma.o
DMA_GetITStatus                                   Libraries\STM32F4xx_StdPeriph_Driver\src\stm32f4xx_dma.o
DMA_ITConfig                                      Libraries\STM32F4xx_StdPeriph_Driver\src\stm32f4xx_dma.o
DMA_Init                                          Libraries\STM32F4xx_StdPeriph_Driver\src\stm32f4xx_dma.o
DMA_MemoryTargetConfig                            Libraries\STM32F4xx_StdPeriph_Driver\src\stm32f4xx_dma.o
DMA_PeriphIncOffsetSizeConfig                     Libraries\STM32F4xx_StdPeriph_Driver\src\stm32f4xx_dma.o
DMA_SetCurrDataCounter                            Libraries\STM32F4xx_StdPeriph_Driver\src\stm32f4xx_dma.o
DMA_StructInit                                    Libraries\STM32F4xx_StdPeriph_Driver\src\stm32f4xx_dma.o
DebugMon_Handler                                  src\startup_stm32f40xx.o
Default_Handler                                   src\startup_stm32f40xx.o
ETH_IRQHandler                                    src\startup_stm32f40xx.o
ETH_WKUP_IRQHandler                               src\startup_stm32f40xx.o
EXTI0_IRQHandler                                  src\startup_stm32f40xx.o
EXTI15_10_IRQHandler                              src\startup_stm32f40xx.o
EXTI1_IRQHandler                                  src\startup_stm32f40xx.o
EXTI2_IRQHandler                                  src\startup_stm32f40xx.o
EXTI3_IRQHandler                                  src\startup_stm32f40xx.o
EXTI4_IRQHandler                                  src\startup_stm32f40xx.o
EXTI9_5_IRQHandler                                src\startup_stm32f40xx.o
EXTI_ClearFlag                                    Libraries\STM32F4xx_StdPeriph_Driver\src\stm32f4xx_exti.o
EXTI_ClearITPendingBit                            Libraries\STM32F4xx_StdPeriph_Driver\src\stm32f4xx_exti.o
EXTI_DeInit                                       Libraries\STM32F4xx_StdPeriph_Driver\src\stm32f4xx_exti.o
EXTI_GenerateSWInterrupt                          Libraries\STM32F4xx_StdPeriph_Driver\src\stm32f4xx_exti.o
EXTI_GetFlagStatus                                Libraries\STM32F4xx_StdPeriph_Driver\src\stm32f4xx_exti.o
EXTI_GetITStatus                                  Libraries\STM32F4xx_StdPeriph_Driver\src\stm32f4xx_exti.o
EXTI_Init                                         Libraries\STM32F4xx_StdPeriph_Driver\src\stm32f4xx_exti.o
                                                  Utilities\STM32F4-Discovery\stm32f4_discovery.o
EXTI_StructInit                                   Libraries\STM32F4xx_StdPeriph_Driver\src\stm32f4xx_exti.o
FLASH_ClearFlag                                   Libraries\STM32F4xx_StdPeriph_Driver\src\stm32f4xx_flash.o
FLASH_DataCacheCmd                                Libraries\STM32F4xx_StdPeriph_Driver\src\stm32f4xx_flash.o
FLASH_DataCacheReset                              Libraries\STM32F4xx_StdPeriph_Driver\src\stm32f4xx_flash.o
FLASH_EraseAllSectors                             Libraries\STM32F4xx_StdPeriph_Driver\src\stm32f4xx_flash.o
FLASH_EraseSector                                 Libraries\STM32F4xx_StdPeriph_Driver\src\stm32f4xx_flash.o
FLASH_GetFlagStatus                               Libraries\STM32F4xx_StdPeriph_Driver\src\stm32f4xx_flash.o
FLASH_GetStatus                                   Libraries\STM32F4xx_StdPeriph_Driver\src\stm32f4xx_flash.o
FLASH_IRQHandler                                  src\startup_stm32f40xx.o
FLASH_ITConfig                                    Libraries\STM32F4xx_StdPeriph_Driver\src\stm32f4xx_flash.o
FLASH_InstructionCacheCmd                         Libraries\STM32F4xx_StdPeriph_Driver\src\stm32f4xx_flash.o
FLASH_InstructionCacheReset                       Libraries\STM32F4xx_StdPeriph_Driver\src\stm32f4xx_flash.o
FLASH_Lock                                        Libraries\STM32F4xx_StdPeriph_Driver\src\stm32f4xx_flash.o
FLASH_OB_BORConfig                                Libraries\STM32F4xx_StdPeriph_Driver\src\stm32f4xx_flash.o
FLASH_OB_GetBOR                                   Libraries\STM32F4xx_StdPeriph_Driver\src\stm32f4xx_flash.o
FLASH_OB_GetRDP                                   Libraries\STM32F4xx_StdPeriph_Driver\src\stm32f4xx_flash.o
FLASH_OB_GetUser                                  Libraries\STM32F4xx_StdPeriph_Driver\src\stm32f4xx_flash.o
FLASH_OB_GetWRP                                   Libraries\STM32F4xx_StdPeriph_Driver\src\stm32f4xx_flash.o
FLASH_OB_GetWRP1                                  Libraries\STM32F4xx_StdPeriph_Driver\src\stm32f4xx_flash.o
FLASH_OB_Launch                                   Libraries\STM32F4xx_StdPeriph_Driver\src\stm32f4xx_flash.o
FLASH_OB_Lock                                     Libraries\STM32F4xx_StdPeriph_Driver\src\stm32f4xx_flash.o
FLASH_OB_RDPConfig                                Libraries\STM32F4xx_StdPeriph_Driver\src\stm32f4xx_flash.o
FLASH_OB_Unlock                                   Libraries\STM32F4xx_StdPeriph_Driver\src\stm32f4xx_flash.o
FLASH_OB_UserConfig                               Libraries\STM32F4xx_StdPeriph_Driver\src\stm32f4xx_flash.o
FLASH_OB_WRP1Config                               Libraries\STM32F4xx_StdPeriph_Driver\src\stm32f4xx_flash.o
FLASH_OB_WRPConfig                                Libraries\STM32F4xx_StdPeriph_Driver\src\stm32f4xx_flash.o
FLASH_PrefetchBufferCmd                           Libraries\STM32F4xx_StdPeriph_Driver\src\stm32f4xx_flash.o
FLASH_ProgramByte                                 Libraries\STM32F4xx_StdPeriph_Driver\src\stm32f4xx_flash.o
FLASH_ProgramDoubleWord                           Libraries\STM32F4xx_StdPeriph_Driver\src\stm32f4xx_flash.o
FLASH_ProgramHalfWord                             Libraries\STM32F4xx_StdPeriph_Driver\src\stm32f4xx_flash.o
FLASH_ProgramWord                                 Libraries\STM32F4xx_StdPeriph_Driver\src\stm32f4xx_flash.o
FLASH_SetLatency                                  Libraries\STM32F4xx_StdPeriph_Driver\src\stm32f4xx_flash.o
FLASH_Unlock                                      Libraries\STM32F4xx_StdPeriph_Driver\src\stm32f4xx_flash.o
FLASH_WaitForLastOperation                        Libraries\STM32F4xx_StdPeriph_Driver\src\stm32f4xx_flash.o
FPU_IRQHandler                                    src\startup_stm32f40xx.o
FSMC_ClearFlag                                    Libraries\STM32F4xx_StdPeriph_Driver\src\stm32f4xx_fsmc.o
FSMC_ClearITPendingBit                            Libraries\STM32F4xx_StdPeriph_Driver\src\stm32f4xx_fsmc.o
FSMC_GetECC                                       Libraries\STM32F4xx_StdPeriph_Driver\src\stm32f4xx_fsmc.o
FSMC_GetFlagStatus                                Libraries\STM32F4xx_StdPeriph_Driver\src\stm32f4xx_fsmc.o
FSMC_GetITStatus                                  Libraries\STM32F4xx_StdPeriph_Driver\src\stm32f4xx_fsmc.o
FSMC_IRQHandler                                   src\startup_stm32f40xx.o
FSMC_ITConfig                                     Libraries\STM32F4xx_StdPeriph_Driver\src\stm32f4xx_fsmc.o
FSMC_NANDCmd                                      Libraries\STM32F4xx_StdPeriph_Driver\src\stm32f4xx_fsmc.o
FSMC_NANDDeInit                                   Libraries\STM32F4xx_StdPeriph_Driver\src\stm32f4xx_fsmc.o
FSMC_NANDECCCmd                                   Libraries\STM32F4xx_StdPeriph_Driver\src\stm32f4xx_fsmc.o
FSMC_NANDInit                                     Libraries\STM32F4xx_StdPeriph_Driver\src\stm32f4xx_fsmc.o
FSMC_NANDStructInit                               Libraries\STM32F4xx_StdPeriph_Driver\src\stm32f4xx_fsmc.o
FSMC_NORSRAMCmd                                   Libraries\STM32F4xx_StdPeriph_Driver\src\stm32f4xx_fsmc.o
FSMC_NORSRAMDeInit                                Libraries\STM32F4xx_StdPeriph_Driver\src\stm32f4xx_fsmc.o
FSMC_NORSRAMInit                                  Libraries\STM32F4xx_StdPeriph_Driver\src\stm32f4xx_fsmc.o
FSMC_NORSRAMStructInit                            Libraries\STM32F4xx_StdPeriph_Driver\src\stm32f4xx_fsmc.o
FSMC_PCCARDCmd                                    Libraries\STM32F4xx_StdPeriph_Driver\src\stm32f4xx_fsmc.o
FSMC_PCCARDDeInit                                 Libraries\STM32F4xx_StdPeriph_Driver\src\stm32f4xx_fsmc.o
FSMC_PCCARDInit                                   Libraries\STM32F4xx_StdPeriph_Driver\src\stm32f4xx_fsmc.o
FSMC_PCCARDStructInit                             Libraries\STM32F4xx_StdPeriph_Driver\src\stm32f4xx_fsmc.o
GPIO_CLK                                          Utilities\STM32F4-Discovery\stm32f4_discovery.o
GPIO_DeInit                                       Libraries\STM32F4xx_StdPeriph_Driver\src\stm32f4xx_gpio.o
GPIO_Init                                         Libraries\STM32F4xx_StdPeriph_Driver\src\stm32f4xx_gpio.o
                                                  Utilities\STM32F4-Discovery\stm32f4_discovery.o
                                                  Utilities\STM32F4-Discovery\stm32f4_discovery_lis302dl.o
                                                  src\i2c_init.o
GPIO_PIN                                          Utilities\STM32F4-Discovery\stm32f4_discovery.o
GPIO_PORT                                         Utilities\STM32F4-Discovery\stm32f4_discovery.o
GPIO_PinAFConfig                                  Libraries\STM32F4xx_StdPeriph_Driver\src\stm32f4xx_gpio.o
                                                  Utilities\STM32F4-Discovery\stm32f4_discovery_lis302dl.o
                                                  src\i2c_init.o
GPIO_PinLockConfig                                Libraries\STM32F4xx_StdPeriph_Driver\src\stm32f4xx_gpio.o
GPIO_ReadInputData                                Libraries\STM32F4xx_StdPeriph_Driver\src\stm32f4xx_gpio.o
GPIO_ReadInputDataBit                             Libraries\STM32F4xx_StdPeriph_Driver\src\stm32f4xx_gpio.o
                                                  Utilities\STM32F4-Discovery\stm32f4_discovery.o
GPIO_ReadOutputData                               Libraries\STM32F4xx_StdPeriph_Driver\src\stm32f4xx_gpio.o
GPIO_ReadOutputDataBit                            Libraries\STM32F4xx_StdPeriph_Driver\src\stm32f4xx_gpio.o
GPIO_ResetBits                                    Libraries\STM32F4xx_StdPeriph_Driver\src\stm32f4xx_gpio.o
                                                  Utilities\STM32F4-Discovery\stm32f4_discovery_lis302dl.o
GPIO_SetBits                                      Libraries\STM32F4xx_StdPeriph_Driver\src\stm32f4xx_gpio.o
                                                  Utilities\STM32F4-Discovery\stm32f4_discovery_lis302dl.o
GPIO_StructInit                                   Libraries\STM32F4xx_StdPeriph_Driver\src\stm32f4xx_gpio.o
GPIO_ToggleBits                                   Libraries\STM32F4xx_StdPeriph_Driver\src\stm32f4xx_gpio.o
GPIO_Write                                        Libraries\STM32F4xx_StdPeriph_Driver\src\stm32f4xx_gpio.o
GPIO_WriteBit                                     Libraries\STM32F4xx_StdPeriph_Driver\src\stm32f4xx_gpio.o
HASH_AutoStartDigest                              Libraries\STM32F4xx_StdPeriph_Driver\src\stm32f4xx_hash.o
HASH_ClearFlag                                    Libraries\STM32F4xx_StdPeriph_Driver\src\stm32f4xx_hash.o
HASH_ClearITPendingBit                            Libraries\STM32F4xx_StdPeriph_Driver\src\stm32f4xx_hash.o
HASH_DMACmd                                       Libraries\STM32F4xx_StdPeriph_Driver\src\stm32f4xx_hash.o
HASH_DataIn                                       Libraries\STM32F4xx_StdPeriph_Driver\src\stm32f4xx_hash.o
                                                  Libraries\STM32F4xx_StdPeriph_Driver\src\stm32f4xx_hash_md5.o
                                                  Libraries\STM32F4xx_StdPeriph_Driver\src\stm32f4xx_hash_sha1.o
HASH_DeInit                                       Libraries\STM32F4xx_StdPeriph_Driver\src\stm32f4xx_hash.o
                                                  Libraries\STM32F4xx_StdPeriph_Driver\src\stm32f4xx_hash_md5.o
                                                  Libraries\STM32F4xx_StdPeriph_Driver\src\stm32f4xx_hash_sha1.o
HASH_GetDigest                                    Libraries\STM32F4xx_StdPeriph_Driver\src\stm32f4xx_hash.o
                                                  Libraries\STM32F4xx_StdPeriph_Driver\src\stm32f4xx_hash_md5.o
                                                  Libraries\STM32F4xx_StdPeriph_Driver\src\stm32f4xx_hash_sha1.o
HASH_GetFlagStatus                                Libraries\STM32F4xx_StdPeriph_Driver\src\stm32f4xx_hash.o
                                                  Libraries\STM32F4xx_StdPeriph_Driver\src\stm32f4xx_hash_md5.o
                                                  Libraries\STM32F4xx_StdPeriph_Driver\src\stm32f4xx_hash_sha1.o
HASH_GetITStatus                                  Libraries\STM32F4xx_StdPeriph_Driver\src\stm32f4xx_hash.o
HASH_GetInFIFOWordsNbr                            Libraries\STM32F4xx_StdPeriph_Driver\src\stm32f4xx_hash.o
HASH_ITConfig                                     Libraries\STM32F4xx_StdPeriph_Driver\src\stm32f4xx_hash.o
HASH_Init                                         Libraries\STM32F4xx_StdPeriph_Driver\src\stm32f4xx_hash.o
                                                  Libraries\STM32F4xx_StdPeriph_Driver\src\stm32f4xx_hash_md5.o
                                                  Libraries\STM32F4xx_StdPeriph_Driver\src\stm32f4xx_hash_sha1.o
HASH_MD5                                          Libraries\STM32F4xx_StdPeriph_Driver\src\stm32f4xx_hash_md5.o
HASH_RNG_IRQHandler                               src\startup_stm32f40xx.o
HASH_Reset                                        Libraries\STM32F4xx_StdPeriph_Driver\src\stm32f4xx_hash.o
HASH_RestoreContext                               Libraries\STM32F4xx_StdPeriph_Driver\src\stm32f4xx_hash.o
HASH_SHA1                                         Libraries\STM32F4xx_StdPeriph_Driver\src\stm32f4xx_hash_sha1.o
HASH_SaveContext                                  Libraries\STM32F4xx_StdPeriph_Driver\src\stm32f4xx_hash.o
HASH_SetLastWordValidBitsNbr                      Libraries\STM32F4xx_StdPeriph_Driver\src\stm32f4xx_hash.o
                                                  Libraries\STM32F4xx_StdPeriph_Driver\src\stm32f4xx_hash_md5.o
                                                  Libraries\STM32F4xx_StdPeriph_Driver\src\stm32f4xx_hash_sha1.o
HASH_StartDigest                                  Libraries\STM32F4xx_StdPeriph_Driver\src\stm32f4xx_hash.o
                                                  Libraries\STM32F4xx_StdPeriph_Driver\src\stm32f4xx_hash_md5.o
                                                  Libraries\STM32F4xx_StdPeriph_Driver\src\stm32f4xx_hash_sha1.o
HASH_StructInit                                   Libraries\STM32F4xx_StdPeriph_Driver\src\stm32f4xx_hash.o
HMAC_MD5                                          Libraries\STM32F4xx_StdPeriph_Driver\src\stm32f4xx_hash_md5.o
HMAC_SHA1                                         Libraries\STM32F4xx_StdPeriph_Driver\src\stm32f4xx_hash_sha1.o
HardFault_Handler                                 src\startup_stm32f40xx.o
I2C1_ER_IRQHandler                                src\startup_stm32f40xx.o
I2C1_EV_IRQHandler                                src\I2C.o
                                                  src\startup_stm32f40xx.o
I2C1_data                                         src\I2C.o
I2C1_read                                         src\I2C.o
I2C1_read_cb                                      src\I2C.o
I2C1_started                                      src\I2C.o
I2C1_write                                        src\I2C.o
I2C1_write_cb                                     src\I2C.o
I2C2_ER_IRQHandler                                src\startup_stm32f40xx.o
I2C2_EV_IRQHandler                                src\startup_stm32f40xx.o
I2C2_started                                      src\I2C.o
I2C3_ER_IRQHandler                                src\startup_stm32f40xx.o
I2C3_EV_IRQHandler                                src\startup_stm32f40xx.o
I2C3_started                                      src\I2C.o
I2C_ARPCmd                                        Libraries\STM32F4xx_StdPeriph_Driver\src\stm32f4xx_i2c.o
I2C_AcknowledgeConfig                             Libraries\STM32F4xx_StdPeriph_Driver\src\stm32f4xx_i2c.o
                                                  src\i2c_init.o
I2C_AnalogFilterCmd                               Libraries\STM32F4xx_StdPeriph_Driver\src\stm32f4xx_i2c.o
I2C_CalculatePEC                                  Libraries\STM32F4xx_StdPeriph_Driver\src\stm32f4xx_i2c.o
I2C_CheckEvent                                    Libraries\STM32F4xx_StdPeriph_Driver\src\stm32f4xx_i2c.o
                                                  src\i2c_init.o
I2C_ClearFlag                                     Libraries\STM32F4xx_StdPeriph_Driver\src\stm32f4xx_i2c.o
I2C_ClearITPendingBit                             Libraries\STM32F4xx_StdPeriph_Driver\src\stm32f4xx_i2c.o
I2C_Cmd                                           Libraries\STM32F4xx_StdPeriph_Driver\src\stm32f4xx_i2c.o
                                                  src\i2c_init.o
I2C_DMACmd                                        Libraries\STM32F4xx_StdPeriph_Driver\src\stm32f4xx_i2c.o
I2C_DMALastTransferCmd                            Libraries\STM32F4xx_StdPeriph_Driver\src\stm32f4xx_i2c.o
I2C_DeInit                                        Libraries\STM32F4xx_StdPeriph_Driver\src\stm32f4xx_i2c.o
I2C_DigitalFilterConfig                           Libraries\STM32F4xx_StdPeriph_Driver\src\stm32f4xx_i2c.o
I2C_DualAddressCmd                                Libraries\STM32F4xx_StdPeriph_Driver\src\stm32f4xx_i2c.o
I2C_FastModeDutyCycleConfig                       Libraries\STM32F4xx_StdPeriph_Driver\src\stm32f4xx_i2c.o
I2C_GeneralCallCmd                                Libraries\STM32F4xx_StdPeriph_Driver\src\stm32f4xx_i2c.o
I2C_GenerateSTART                                 Libraries\STM32F4xx_StdPeriph_Driver\src\stm32f4xx_i2c.o
                                                  src\i2c_init.o
I2C_GenerateSTOP                                  Libraries\STM32F4xx_StdPeriph_Driver\src\stm32f4xx_i2c.o
                                                  src\i2c_init.o
I2C_GetFlagStatus                                 Libraries\STM32F4xx_StdPeriph_Driver\src\stm32f4xx_i2c.o
                                                  src\i2c_init.o
I2C_GetITStatus                                   Libraries\STM32F4xx_StdPeriph_Driver\src\stm32f4xx_i2c.o
I2C_GetLastEvent                                  Libraries\STM32F4xx_StdPeriph_Driver\src\stm32f4xx_i2c.o
I2C_GetPEC                                        Libraries\STM32F4xx_StdPeriph_Driver\src\stm32f4xx_i2c.o
I2C_ITConfig                                      Libraries\STM32F4xx_StdPeriph_Driver\src\stm32f4xx_i2c.o
I2C_Init                                          Libraries\STM32F4xx_StdPeriph_Driver\src\stm32f4xx_i2c.o
                                                  src\i2c_init.o
I2C_NACKPositionConfig                            Libraries\STM32F4xx_StdPeriph_Driver\src\stm32f4xx_i2c.o
I2C_OwnAddress2Config                             Libraries\STM32F4xx_StdPeriph_Driver\src\stm32f4xx_i2c.o
I2C_PECPositionConfig                             Libraries\STM32F4xx_StdPeriph_Driver\src\stm32f4xx_i2c.o
I2C_ReadRegister                                  Libraries\STM32F4xx_StdPeriph_Driver\src\stm32f4xx_i2c.o
I2C_ReceiveData                                   Libraries\STM32F4xx_StdPeriph_Driver\src\stm32f4xx_i2c.o
                                                  src\i2c_init.o
I2C_SMBusAlertConfig                              Libraries\STM32F4xx_StdPeriph_Driver\src\stm32f4xx_i2c.o
I2C_Send7bitAddress                               Libraries\STM32F4xx_StdPeriph_Driver\src\stm32f4xx_i2c.o
                                                  src\i2c_init.o
I2C_SendData                                      Libraries\STM32F4xx_StdPeriph_Driver\src\stm32f4xx_i2c.o
                                                  src\i2c_init.o
I2C_SoftwareResetCmd                              Libraries\STM32F4xx_StdPeriph_Driver\src\stm32f4xx_i2c.o
I2C_StretchClockCmd                               Libraries\STM32F4xx_StdPeriph_Driver\src\stm32f4xx_i2c.o
I2C_StructInit                                    Libraries\STM32F4xx_StdPeriph_Driver\src\stm32f4xx_i2c.o
                                                  src\i2c_init.o
I2C_TransmitPEC                                   Libraries\STM32F4xx_StdPeriph_Driver\src\stm32f4xx_i2c.o
I2S_Cmd                                           Libraries\STM32F4xx_StdPeriph_Driver\src\stm32f4xx_spi.o
I2S_FullDuplexConfig                              Libraries\STM32F4xx_StdPeriph_Driver\src\stm32f4xx_spi.o
I2S_Init                                          Libraries\STM32F4xx_StdPeriph_Driver\src\stm32f4xx_spi.o
I2S_StructInit                                    Libraries\STM32F4xx_StdPeriph_Driver\src\stm32f4xx_spi.o
IWDG_Enable                                       Libraries\STM32F4xx_StdPeriph_Driver\src\stm32f4xx_iwdg.o
IWDG_GetFlagStatus                                Libraries\STM32F4xx_StdPeriph_Driver\src\stm32f4xx_iwdg.o
IWDG_ReloadCounter                                Libraries\STM32F4xx_StdPeriph_Driver\src\stm32f4xx_iwdg.o
IWDG_SetPrescaler                                 Libraries\STM32F4xx_StdPeriph_Driver\src\stm32f4xx_iwdg.o
IWDG_SetReload                                    Libraries\STM32F4xx_StdPeriph_Driver\src\stm32f4xx_iwdg.o
IWDG_WriteAccessCmd                               Libraries\STM32F4xx_StdPeriph_Driver\src\stm32f4xx_iwdg.o
LIS302DLTimeout                                   Utilities\STM32F4-Discovery\stm32f4_discovery_lis302dl.o
LIS302DL_DataRateCmd                              Utilities\STM32F4-Discovery\stm32f4_discovery_lis302dl.o
LIS302DL_FilterConfig                             Utilities\STM32F4-Discovery\stm32f4_discovery_lis302dl.o
LIS302DL_FullScaleCmd                             Utilities\STM32F4-Discovery\stm32f4_discovery_lis302dl.o
LIS302DL_Init                                     Utilities\STM32F4-Discovery\stm32f4_discovery_lis302dl.o
LIS302DL_InterruptConfig                          Utilities\STM32F4-Discovery\stm32f4_discovery_lis302dl.o
LIS302DL_LowpowerCmd                              Utilities\STM32F4-Discovery\stm32f4_discovery_lis302dl.o
LIS302DL_Read                                     Utilities\STM32F4-Discovery\stm32f4_discovery_lis302dl.o
LIS302DL_ReadACC                                  Utilities\STM32F4-Discovery\stm32f4_discovery_lis302dl.o
LIS302DL_RebootCmd                                Utilities\STM32F4-Discovery\stm32f4_discovery_lis302dl.o
LIS302DL_TIMEOUT_UserCallback                     Utilities\STM32F4-Discovery\stm32f4_discovery_lis302dl.o
LIS302DL_Write                                    Utilities\STM32F4-Discovery\stm32f4_discovery_lis302dl.o
MemManage_Handler                                 src\startup_stm32f40xx.o
NMI_Handler                                       src\startup_stm32f40xx.o
NVIC_Init                                         Libraries\STM32F4xx_StdPeriph_Driver\src\misc.o
                                                  Utilities\STM32F4-Discovery\stm32f4_discovery.o
NVIC_InitStructure                                Utilities\STM32F4-Discovery\stm32f4_discovery.o
NVIC_PriorityGroupConfig                          Libraries\STM32F4xx_StdPeriph_Driver\src\misc.o
NVIC_SetVectorTable                               Libraries\STM32F4xx_StdPeriph_Driver\src\misc.o
NVIC_SystemLPConfig                               Libraries\STM32F4xx_StdPeriph_Driver\src\misc.o
OTG_FS_IRQHandler                                 src\startup_stm32f40xx.o
OTG_FS_WKUP_IRQHandler                            src\startup_stm32f40xx.o
OTG_HS_EP1_IN_IRQHandler                          src\startup_stm32f40xx.o
OTG_HS_EP1_OUT_IRQHandler                         src\startup_stm32f40xx.o
OTG_HS_IRQHandler                                 src\startup_stm32f40xx.o
OTG_HS_WKUP_IRQHandler                            src\startup_stm32f40xx.o
PVD_IRQHandler                                    src\startup_stm32f40xx.o
PWR_BackupAccessCmd                               Libraries\STM32F4xx_StdPeriph_Driver\src\stm32f4xx_pwr.o
PWR_BackupRegulatorCmd                            Libraries\STM32F4xx_StdPeriph_Driver\src\stm32f4xx_pwr.o
PWR_ClearFlag                                     Libraries\STM32F4xx_StdPeriph_Driver\src\stm32f4xx_pwr.o
PWR_DeInit                                        Libraries\STM32F4xx_StdPeriph_Driver\src\stm32f4xx_pwr.o
PWR_EnterSTANDBYMode                              Libraries\STM32F4xx_StdPeriph_Driver\src\stm32f4xx_pwr.o
PWR_EnterSTOPMode                                 Libraries\STM32F4xx_StdPeriph_Driver\src\stm32f4xx_pwr.o
PWR_FlashPowerDownCmd                             Libraries\STM32F4xx_StdPeriph_Driver\src\stm32f4xx_pwr.o
PWR_GetFlagStatus                                 Libraries\STM32F4xx_StdPeriph_Driver\src\stm32f4xx_pwr.o
PWR_MainRegulatorModeConfig                       Libraries\STM32F4xx_StdPeriph_Driver\src\stm32f4xx_pwr.o
PWR_PVDCmd                                        Libraries\STM32F4xx_StdPeriph_Driver\src\stm32f4xx_pwr.o
PWR_PVDLevelConfig                                Libraries\STM32F4xx_StdPeriph_Driver\src\stm32f4xx_pwr.o
PWR_WakeUpPinCmd                                  Libraries\STM32F4xx_StdPeriph_Driver\src\stm32f4xx_pwr.o
PendSV_Handler                                    src\startup_stm32f40xx.o
RCC_AHB1PeriphClockCmd                            Libraries\STM32F4xx_StdPeriph_Driver\src\stm32f4xx_rcc.o
                                                  Utilities\STM32F4-Discovery\stm32f4_discovery.o
                                                  Utilities\STM32F4-Discovery\stm32f4_discovery_lis302dl.o
                                                  src\i2c_init.o
RCC_AHB1PeriphClockLPModeCmd                      Libraries\STM32F4xx_StdPeriph_Driver\src\stm32f4xx_rcc.o
RCC_AHB1PeriphResetCmd                            Libraries\STM32F4xx_StdPeriph_Driver\src\stm32f4xx_rcc.o
                                                  Libraries\STM32F4xx_StdPeriph_Driver\src\stm32f4xx_gpio.o
RCC_AHB2PeriphClockCmd                            Libraries\STM32F4xx_StdPeriph_Driver\src\stm32f4xx_rcc.o
RCC_AHB2PeriphClockLPModeCmd                      Libraries\STM32F4xx_StdPeriph_Driver\src\stm32f4xx_rcc.o
RCC_AHB2PeriphResetCmd                            Libraries\STM32F4xx_StdPeriph_Driver\src\stm32f4xx_rcc.o
                                                  Libraries\STM32F4xx_StdPeriph_Driver\src\stm32f4xx_cryp.o
                                                  Libraries\STM32F4xx_StdPeriph_Driver\src\stm32f4xx_hash.o
                                                  Libraries\STM32F4xx_StdPeriph_Driver\src\stm32f4xx_rng.o
RCC_AHB3PeriphClockCmd                            Libraries\STM32F4xx_StdPeriph_Driver\src\stm32f4xx_rcc.o
RCC_AHB3PeriphClockLPModeCmd                      Libraries\STM32F4xx_StdPeriph_Driver\src\stm32f4xx_rcc.o
RCC_AHB3PeriphResetCmd                            Libraries\STM32F4xx_StdPeriph_Driver\src\stm32f4xx_rcc.o
RCC_APB1PeriphClockCmd                            Libraries\STM32F4xx_StdPeriph_Driver\src\stm32f4xx_rcc.o
                                                  src\i2c_init.o
RCC_APB1PeriphClockLPModeCmd                      Libraries\STM32F4xx_StdPeriph_Driver\src\stm32f4xx_rcc.o
RCC_APB1PeriphResetCmd                            Libraries\STM32F4xx_StdPeriph_Driver\src\stm32f4xx_rcc.o
                                                  Libraries\STM32F4xx_StdPeriph_Driver\src\stm32f4xx_can.o
                                                  Libraries\STM32F4xx_StdPeriph_Driver\src\stm32f4xx_dac.o
                                                  Libraries\STM32F4xx_StdPeriph_Driver\src\stm32f4xx_i2c.o
                                                  Libraries\STM32F4xx_StdPeriph_Driver\src\stm32f4xx_pwr.o
                                                  Libraries\STM32F4xx_StdPeriph_Driver\src\stm32f4xx_spi.o
                                                  Libraries\STM32F4xx_StdPeriph_Driver\src\stm32f4xx_tim.o
                                                  Libraries\STM32F4xx_StdPeriph_Driver\src\stm32f4xx_usart.o
                                                  Libraries\STM32F4xx_StdPeriph_Driver\src\stm32f4xx_wwdg.o
RCC_APB2PeriphClockCmd                            Libraries\STM32F4xx_StdPeriph_Driver\src\stm32f4xx_rcc.o
                                                  Utilities\STM32F4-Discovery\stm32f4_discovery.o
                                                  Utilities\STM32F4-Discovery\stm32f4_discovery_lis302dl.o
RCC_APB2PeriphClockLPModeCmd                      Libraries\STM32F4xx_StdPeriph_Driver\src\stm32f4xx_rcc.o
RCC_APB2PeriphResetCmd                            Libraries\STM32F4xx_StdPeriph_Driver\src\stm32f4xx_rcc.o
                                                  Libraries\STM32F4xx_StdPeriph_Driver\src\stm32f4xx_adc.o
                                                  Libraries\STM32F4xx_StdPeriph_Driver\src\stm32f4xx_sdio.o
                                                  Libraries\STM32F4xx_StdPeriph_Driver\src\stm32f4xx_spi.o
                                                  Libraries\STM32F4xx_StdPeriph_Driver\src\stm32f4xx_syscfg.o
                                                  Libraries\STM32F4xx_StdPeriph_Driver\src\stm32f4xx_tim.o
                                                  Libraries\STM32F4xx_StdPeriph_Driver\src\stm32f4xx_usart.o
RCC_AdjustHSICalibrationValue                     Libraries\STM32F4xx_StdPeriph_Driver\src\stm32f4xx_rcc.o
RCC_BackupResetCmd                                Libraries\STM32F4xx_StdPeriph_Driver\src\stm32f4xx_rcc.o
RCC_ClearFlag                                     Libraries\STM32F4xx_StdPeriph_Driver\src\stm32f4xx_rcc.o
RCC_ClearITPendingBit                             Libraries\STM32F4xx_StdPeriph_Driver\src\stm32f4xx_rcc.o
RCC_ClockSecuritySystemCmd                        Libraries\STM32F4xx_StdPeriph_Driver\src\stm32f4xx_rcc.o
RCC_DeInit                                        Libraries\STM32F4xx_StdPeriph_Driver\src\stm32f4xx_rcc.o
RCC_GetClocksFreq                                 Libraries\STM32F4xx_StdPeriph_Driver\src\stm32f4xx_rcc.o
                                                  Libraries\STM32F4xx_StdPeriph_Driver\src\stm32f4xx_i2c.o
                                                  Libraries\STM32F4xx_StdPeriph_Driver\src\stm32f4xx_usart.o
RCC_GetFlagStatus                                 Libraries\STM32F4xx_StdPeriph_Driver\src\stm32f4xx_rcc.o
RCC_GetITStatus                                   Libraries\STM32F4xx_StdPeriph_Driver\src\stm32f4xx_rcc.o
RCC_GetSYSCLKSource                               Libraries\STM32F4xx_StdPeriph_Driver\src\stm32f4xx_rcc.o
RCC_HCLKConfig                                    Libraries\STM32F4xx_StdPeriph_Driver\src\stm32f4xx_rcc.o
RCC_HSEConfig                                     Libraries\STM32F4xx_StdPeriph_Driver\src\stm32f4xx_rcc.o
RCC_HSICmd                                        Libraries\STM32F4xx_StdPeriph_Driver\src\stm32f4xx_rcc.o
RCC_I2SCLKConfig                                  Libraries\STM32F4xx_StdPeriph_Driver\src\stm32f4xx_rcc.o
RCC_IRQHandler                                    src\startup_stm32f40xx.o
RCC_ITConfig                                      Libraries\STM32F4xx_StdPeriph_Driver\src\stm32f4xx_rcc.o
RCC_LSEConfig                                     Libraries\STM32F4xx_StdPeriph_Driver\src\stm32f4xx_rcc.o
RCC_LSICmd                                        Libraries\STM32F4xx_StdPeriph_Driver\src\stm32f4xx_rcc.o
RCC_MCO1Config                                    Libraries\STM32F4xx_StdPeriph_Driver\src\stm32f4xx_rcc.o
RCC_MCO2Config                                    Libraries\STM32F4xx_StdPeriph_Driver\src\stm32f4xx_rcc.o
RCC_PCLK1Config                                   Libraries\STM32F4xx_StdPeriph_Driver\src\stm32f4xx_rcc.o
RCC_PCLK2Config                                   Libraries\STM32F4xx_StdPeriph_Driver\src\stm32f4xx_rcc.o
RCC_PLLCmd                                        Libraries\STM32F4xx_StdPeriph_Driver\src\stm32f4xx_rcc.o
RCC_PLLConfig                                     Libraries\STM32F4xx_StdPeriph_Driver\src\stm32f4xx_rcc.o
RCC_PLLI2SCmd                                     Libraries\STM32F4xx_StdPeriph_Driver\src\stm32f4xx_rcc.o
RCC_PLLI2SConfig                                  Libraries\STM32F4xx_StdPeriph_Driver\src\stm32f4xx_rcc.o
RCC_RTCCLKCmd                                     Libraries\STM32F4xx_StdPeriph_Driver\src\stm32f4xx_rcc.o
RCC_RTCCLKConfig                                  Libraries\STM32F4xx_StdPeriph_Driver\src\stm32f4xx_rcc.o
RCC_SYSCLKConfig                                  Libraries\STM32F4xx_StdPeriph_Driver\src\stm32f4xx_rcc.o
RCC_TIMCLKPresConfig                              Libraries\STM32F4xx_StdPeriph_Driver\src\stm32f4xx_rcc.o
RCC_WaitForHSEStartUp                             Libraries\STM32F4xx_StdPeriph_Driver\src\stm32f4xx_rcc.o